15:51:10 **** Incremental Build of configuration Debug for project original_project ****
make all 
make: Nothing to be done for `all'.

15:51:10 Build Finished (took 140ms)

15:51:10 **** Clean-only build of configuration Debug for project original_project ****
make clean 
rm -rf  ./src/TFT.o ./src/angles.o ./src/physics.o ./src/position_locator.o  ./src/TFT.d ./src/angles.d ./src/physics.d ./src/position_locator.d  original_project.elf.size  original_project.elf
' '
15:51:10 **** Incremental Build of configuration Release for project original_project ****
make all 
'Building file: ../src/TFT.cpp'
'Invoking: MicroBlaze g++ compiler'
mb-g++ -Wall -O2 -c -fmessage-length=0 -I../../original_project_bsp/microblaze_0/include -mlittle-endian -mcpu=v9.3 -mxl-soft-mul -Wl,--no-relax -ffunction-sections -fdata-sections -MMD -MP -MF"src/TFT.d" -MT"src/TFT.d" -o "src/TFT.o" "../src/TFT.cpp"
In file included from ../src/physics.hpp:12:0,
                 from ../src/TFT.cpp:4:
../src/angles.hpp:108:1: error: in C++98 'sine' must be initialized by constructor, not by '{...}'
 };
 ^
../src/angles.hpp:108:1: warning: extended initializer lists only available with -std=c++11 or -std=gnu++11 [enabled by default]
../src/angles.hpp:108:1: error: could not convert '{{0, 0}, {1, 18}, {2, 36}, {3, 54}, {4, 71}, {5, 89}, {6, 107}, {7, 125}, {8, 143}, {9, 160}, {10, 178}, {11, 195}, {12, 213}, {13, 230}, {14, 248}, {15, 265}, {16, 282}, {17, 299}, {18, 316}, {19, 333}, {20, 350}, {21, 367}, {22, 384}, {23, 400}, {24, 416}, {25, 433}, {26, 449}, {27, 465}, {28, 481}, {29, 496}, {30, 512}, {31, 527}, {32, 543}, {33, 558}, {34, 573}, {35, 587}, {36, 602}, {37, 616}, {38, 630}, {39, 644}, {40, 658}, {41, 672}, {42, 685}, {43, 698}, {44, 711}, {45, 724}, {46, 737}, {47, 749}, {48, 761}, {49, 773}, {50, 784}, {51, 796}, {52, 807}, {53, 818}, {54, 828}, {55, 839}, {56, 849}, {57, 859}, {58, 868}, {59, 878}, {60, 887}, {61, 896}, {62, 904}, {63, 912}, {64, 920}, {65, 928}, {66, 935}, {67, 943}, {68, 949}, {69, 956}, {70, 962}, {71, 968}, {72, 974}, {73, 979}, {74, 984}, {75, 989}, {76, 994}, {77, 998}, {78, 1002}, {79, 1005}, {80, 1008}, {81, 1011}, {82, 1014}, {83, 1016}, {84, 1018}, {85, 1020}, {86, 1022}, {87, 1023}, {88, 1023}, {89, 1024}, {90, 1024}}' from '<brace-enclosed initializer list>' to 'std::map<int, int>'
../src/angles.hpp:169:1: error: in C++98 'angle_map' must be initialized by constructor, not by '{...}'
 };
 ^
../src/angles.hpp:169:1: warning: extended initializer lists only available with -std=c++11 or -std=gnu++11 [enabled by default]
../src/angles.hpp:169:1: error: could not convert '{{0, 0}, {64, 4}, {128, 7}, {192, 11}, {256, 14}, {320, 17}, {384, 21}, {448, 24}, {512, 27}, {578, 29}, {640, 32}, {704, 35}, {768, 37}, {832, 39}, {896, 41}, {960, 43}, {1024, 45}, {1088, 47}, {1152, 49}, {1216, 50}, {1280, 51}, {1344, 53}, {1408, 54}, {1472, 55}, {1536, 56}, {1600, 57}, {1664, 58}, {1728, 59}, {1792, 60}, {1856, 61}, {1920, 62}, {2048, 63}, {2176, 65}, {2304, 66}, {2432, 67}, {2560, 68}, {2688, 69}, {2816, 70}, {2944, 71}, {3200, 72}, {3328, 73}, {3584, 74}, {3840, 75}, {4096, 76}, {4480, 77}, {4864, 78}, {5248, 79}, {5888, 80}, {6400, 81}, {7296, 82}, {8320, 83}, {9728, 84}, {11776, 85}, {14720, 86}, {19584, 87}, {29440, 88}, {58752, 89}}' from '<brace-enclosed initializer list>' to 'std::map<int, int>'
In file included from ../src/TFT.cpp:4:0:
../src/physics.hpp:59:25: warning: non-static data member initializers only available with -std=c++11 or -std=gnu++11 [enabled by default]
   OBJECT_TYPE colour  = SOLIDS;
                         ^
../src/physics.hpp:63:23: warning: non-static data member initializers only available with -std=c++11 or -std=gnu++11 [enabled by default]
   bool isMove       = false;
                       ^
../src/physics.hpp:64:23: warning: non-static data member initializers only available with -std=c++11 or -std=gnu++11 [enabled by default]
   bool exist        = true;
                       ^
../src/physics.hpp:69:23: warning: non-static data member initializers only available with -std=c++11 or -std=gnu++11 [enabled by default]
   int col_id        = 0;  // Each bit's index represents a ball
                       ^
../src/physics.hpp:70:23: warning: non-static data member initializers only available with -std=c++11 or -std=gnu++11 [enabled by default]
   int prev_col_id   = 0;  // Doubled buffered: previous frame's collisions
                       ^
../src/physics.hpp:74:23: warning: non-static data member initializers only available with -std=c++11 or -std=gnu++11 [enabled by default]
   int col_speed_x   = 0;
                       ^
../src/physics.hpp:75:23: warning: non-static data member initializers only available with -std=c++11 or -std=gnu++11 [enabled by default]
   int col_speed_y   = 0;
                       ^
../src/physics.hpp:76:23: warning: non-static data member initializers only available with -std=c++11 or -std=gnu++11 [enabled by default]
   int num_cols      = 0;  // use this to divide net momentum
                       ^
../src/physics.hpp:82:15: warning: non-static data member initializers only available with -std=c++11 or -std=gnu++11 [enabled by default]
   bool done = false;      // if game is finished
               ^
../src/physics.hpp:88:18: warning: non-static data member initializers only available with -std=c++11 or -std=gnu++11 [enabled by default]
   int num_movs = 0;
                  ^
../src/physics.hpp:92:22: warning: non-static data member initializers only available with -std=c++11 or -std=gnu++11 [enabled by default]
   int score[2] = {0,0};
                      ^
../src/physics.hpp:92:22: warning: extended initializer lists only available with -std=c++11 or -std=gnu++11 [enabled by default]
make: *** [src/TFT.o] Error 1
15:51:18 **** Clean-only build of configuration Debug for project original_project ****
make clean 
rm -rf  ./src/TFT.o ./src/angles.o ./src/physics.o ./src/position_locator.o  ./src/TFT.d ./src/angles.d ./src/physics.d ./src/position_locator.d  original_project.elf.size  original_project.elf
' '
15:51:18 **** Auto Build of configuration Debug for project original_project ****
make all 
'Building file: ../src/TFT.cpp'
'Invoking: MicroBlaze g++ compiler'
mb-g++ -std=c++11 -Wall -O2 -g3 -c -fmessage-length=0 -I../../original_project_bsp/microblaze_0/include -mlittle-endian -mcpu=v9.3 -mxl-soft-mul -Wl,--no-relax -ffunction-sections -fdata-sections -MMD -MP -MF"src/TFT.d" -MT"src/TFT.d" -o "src/TFT.o" "../src/TFT.cpp"
../src/TFT.cpp: In function 'void DrawState(GameState*)':
../src/TFT.cpp:112:9: warning: variable 'east_wall' set but not used [-Wunused-but-set-variable]
     int east_wall;
         ^
../src/TFT.cpp:114:9: warning: variable 'north_wall' set but not used [-Wunused-but-set-variable]
     int north_wall;
         ^
../src/TFT.cpp:116:9: warning: variable 'west_wall' set but not used [-Wunused-but-set-variable]
     int west_wall, south_wall;
         ^
../src/TFT.cpp:116:20: warning: variable 'south_wall' set but not used [-Wunused-but-set-variable]
     int west_wall, south_wall;
                    ^
'Finished building: ../src/TFT.cpp'
' '
'Building file: ../src/angles.cpp'
'Invoking: MicroBlaze g++ compiler'
mb-g++ -std=c++11 -Wall -O2 -g3 -c -fmessage-length=0 -I../../original_project_bsp/microblaze_0/include -mlittle-endian -mcpu=v9.3 -mxl-soft-mul -Wl,--no-relax -ffunction-sections -fdata-sections -MMD -MP -MF"src/angles.d" -MT"src/angles.d" -o "src/angles.o" "../src/angles.cpp"
'Finished building: ../src/angles.cpp'
' '
'Building file: ../src/physics.cpp'
'Invoking: MicroBlaze g++ compiler'
mb-g++ -std=c++11 -Wall -O2 -g3 -c -fmessage-length=0 -I../../original_project_bsp/microblaze_0/include -mlittle-endian -mcpu=v9.3 -mxl-soft-mul -Wl,--no-relax -ffunction-sections -fdata-sections -MMD -MP -MF"src/physics.d" -MT"src/physics.d" -o "src/physics.o" "../src/physics.cpp"
'Finished building: ../src/physics.cpp'
' '
'Building file: ../src/position_locator.cpp'
'Invoking: MicroBlaze g++ compiler'
mb-g++ -std=c++11 -Wall -O2 -g3 -c -fmessage-length=0 -I../../original_project_bsp/microblaze_0/include -mlittle-endian -mcpu=v9.3 -mxl-soft-mul -Wl,--no-relax -ffunction-sections -fdata-sections -MMD -MP -MF"src/position_locator.d" -MT"src/position_locator.d" -o "src/position_locator.o" "../src/position_locator.cpp"
'Finished building: ../src/position_locator.cpp'
' '
'Building target: original_project.elf'
'Invoking: MicroBlaze g++ linker'
mb-g++ -Wl,-T -Wl,../src/lscript.ld -L../../original_project_bsp/microblaze_0/lib -mlittle-endian -mcpu=v9.3 -mxl-soft-mul -Wl,--no-relax -Wl,--gc-sections -o "original_project.elf"  ./src/TFT.o ./src/angles.o ./src/physics.o ./src/position_locator.o   -Wl,--start-group,-lxil,-lgcc,-lc,-lstdc++,--end-group
'Finished building target: original_project.elf'
' '
'Invoking: MicroBlaze Print Size'
mb-size original_project.elf  |tee "original_project.elf.size"
   text	   data	    bss	    dec	    hex	filename
 177676	   1484	  68024	 247184	  3c590	original_project.elf
'Finished building: original_project.elf.size'
' '
15:51:23 **** Incremental Build of configuration Debug for project original_project ****
make all 
make: Nothing to be done for `all'.
15:51:36 **** Auto Build of configuration Debug for project original_project ****
make all 
make: Nothing to be done for `all'.
15:51:42 **** Clean-only build of configuration Debug for project original_project ****
make clean 
rm -rf  ./src/TFT.o ./src/angles.o ./src/physics.o ./src/position_locator.o  ./src/TFT.d ./src/angles.d ./src/physics.d ./src/position_locator.d  original_project.elf.size  original_project.elf
' '
15:51:42 **** Auto Build of configuration Debug for project original_project ****
make all 
'Building file: ../src/TFT.cpp'
'Invoking: MicroBlaze g++ compiler'
mb-g++ -std=c++11 -Wall -O2 -g3 -c -fmessage-length=0 -I../../original_project_bsp/microblaze_0/include -mlittle-endian -mcpu=v9.3 -mxl-soft-mul -Wl,--no-relax -ffunction-sections -fdata-sections -MMD -MP -MF"src/TFT.d" -MT"src/TFT.d" -o "src/TFT.o" "../src/TFT.cpp"
../src/TFT.cpp: In function 'void DrawState(GameState*)':
../src/TFT.cpp:112:9: warning: variable 'east_wall' set but not used [-Wunused-but-set-variable]
     int east_wall;
         ^
../src/TFT.cpp:114:9: warning: variable 'north_wall' set but not used [-Wunused-but-set-variable]
     int north_wall;
         ^
../src/TFT.cpp:116:9: warning: variable 'west_wall' set but not used [-Wunused-but-set-variable]
     int west_wall, south_wall;
         ^
../src/TFT.cpp:116:20: warning: variable 'south_wall' set but not used [-Wunused-but-set-variable]
     int west_wall, south_wall;
                    ^
'Finished building: ../src/TFT.cpp'
' '
'Building file: ../src/angles.cpp'
'Invoking: MicroBlaze g++ compiler'
mb-g++ -std=c++11 -Wall -O2 -g3 -c -fmessage-length=0 -I../../original_project_bsp/microblaze_0/include -mlittle-endian -mcpu=v9.3 -mxl-soft-mul -Wl,--no-relax -ffunction-sections -fdata-sections -MMD -MP -MF"src/angles.d" -MT"src/angles.d" -o "src/angles.o" "../src/angles.cpp"
'Finished building: ../src/angles.cpp'
' '
'Building file: ../src/physics.cpp'
'Invoking: MicroBlaze g++ compiler'
mb-g++ -std=c++11 -Wall -O2 -g3 -c -fmessage-length=0 -I../../original_project_bsp/microblaze_0/include -mlittle-endian -mcpu=v9.3 -mxl-soft-mul -Wl,--no-relax -ffunction-sections -fdata-sections -MMD -MP -MF"src/physics.d" -MT"src/physics.d" -o "src/physics.o" "../src/physics.cpp"
'Finished building: ../src/physics.cpp'
' '
'Building file: ../src/position_locator.cpp'
'Invoking: MicroBlaze g++ compiler'
mb-g++ -std=c++11 -Wall -O2 -g3 -c -fmessage-length=0 -I../../original_project_bsp/microblaze_0/include -mlittle-endian -mcpu=v9.3 -mxl-soft-mul -Wl,--no-relax -ffunction-sections -fdata-sections -MMD -MP -MF"src/position_locator.d" -MT"src/position_locator.d" -o "src/position_locator.o" "../src/position_locator.cpp"
'Finished building: ../src/position_locator.cpp'
' '
'Building target: original_project.elf'
'Invoking: MicroBlaze g++ linker'
mb-g++ -Wl,-T -Wl,../src/lscript.ld -L../../original_project_bsp/microblaze_0/lib -mlittle-endian -mcpu=v9.3 -mxl-soft-mul -Wl,--no-relax -Wl,--gc-sections -o "original_project.elf"  ./src/TFT.o ./src/angles.o ./src/physics.o ./src/position_locator.o   -Wl,--start-group,-lxil,-lgcc,-lc,-lstdc++,--end-group
'Finished building target: original_project.elf'
' '
'Invoking: MicroBlaze Print Size'
mb-size original_project.elf  |tee "original_project.elf.size"
   text	   data	    bss	    dec	    hex	filename
 177676	   1484	  68024	 247184	  3c590	original_project.elf
'Finished building: original_project.elf.size'
' '
15:51:47 **** Incremental Build of configuration Debug for project original_project ****
make all 
make: Nothing to be done for `all'.
15:52:05 **** Auto Build of configuration Debug for project original_project ****
make all 
'Building file: ../src/physics.cpp'
'Invoking: MicroBlaze g++ compiler'
mb-g++ -std=c++11 -Wall -O2 -g3 -c -fmessage-length=0 -I../../original_project_bsp/microblaze_0/include -mlittle-endian -mcpu=v9.3 -mxl-soft-mul -Wl,--no-relax -ffunction-sections -fdata-sections -MMD -MP -MF"src/physics.d" -MT"src/physics.d" -o "src/physics.o" "../src/physics.cpp"
'Finished building: ../src/physics.cpp'
' '
'Building target: original_project.elf'
'Invoking: MicroBlaze g++ linker'
mb-g++ -Wl,-T -Wl,../src/lscript.ld -L../../original_project_bsp/microblaze_0/lib -mlittle-endian -mcpu=v9.3 -mxl-soft-mul -Wl,--no-relax -Wl,--gc-sections -o "original_project.elf"  ./src/TFT.o ./src/angles.o ./src/physics.o ./src/position_locator.o   -Wl,--start-group,-lxil,-lgcc,-lc,-lstdc++,--end-group
'Finished building target: original_project.elf'
' '
'Invoking: MicroBlaze Print Size'
mb-size original_project.elf  |tee "original_project.elf.size"
   text	   data	    bss	    dec	    hex	filename
 177676	   1484	  68024	 247184	  3c590	original_project.elf
'Finished building: original_project.elf.size'
' '
15:52:10 **** Incremental Build of configuration Debug for project original_project ****
make all 
make: Nothing to be done for `all'.
15:53:48 **** Clean-only build of configuration Debug for project original_project ****
make clean 
rm -rf  ./src/TFT.o ./src/angles.o ./src/physics.o ./src/position_locator.o  ./src/TFT.d ./src/angles.d ./src/physics.d ./src/position_locator.d  original_project.elf.size  original_project.elf
' '
15:53:48 **** Auto Build of configuration Debug for project original_project ****
make all 
'Building file: ../src/TFT.cpp'
'Invoking: MicroBlaze g++ compiler'
mb-g++ -std=c++11 -Wall -O2 -g3 -c -fmessage-length=0 -I../../original_project_bsp/microblaze_0/include -mlittle-endian -mcpu=v9.3 -mxl-soft-mul -Wl,--no-relax -ffunction-sections -fdata-sections -MMD -MP -MF"src/TFT.d" -MT"src/TFT.d" -o "src/TFT.o" "../src/TFT.cpp"
../src/TFT.cpp: In function 'void DrawState(GameState*)':
../src/TFT.cpp:112:9: warning: variable 'east_wall' set but not used [-Wunused-but-set-variable]
     int east_wall;
         ^
../src/TFT.cpp:114:9: warning: variable 'north_wall' set but not used [-Wunused-but-set-variable]
     int north_wall;
         ^
../src/TFT.cpp:116:9: warning: variable 'west_wall' set but not used [-Wunused-but-set-variable]
     int west_wall, south_wall;
         ^
../src/TFT.cpp:116:20: warning: variable 'south_wall' set but not used [-Wunused-but-set-variable]
     int west_wall, south_wall;
                    ^
'Finished building: ../src/TFT.cpp'
' '
'Building file: ../src/angles.cpp'
'Invoking: MicroBlaze g++ compiler'
mb-g++ -std=c++11 -Wall -O2 -g3 -c -fmessage-length=0 -I../../original_project_bsp/microblaze_0/include -mlittle-endian -mcpu=v9.3 -mxl-soft-mul -Wl,--no-relax -ffunction-sections -fdata-sections -MMD -MP -MF"src/angles.d" -MT"src/angles.d" -o "src/angles.o" "../src/angles.cpp"
'Finished building: ../src/angles.cpp'
' '
'Building file: ../src/physics.cpp'
'Invoking: MicroBlaze g++ compiler'
mb-g++ -std=c++11 -Wall -O2 -g3 -c -fmessage-length=0 -I../../original_project_bsp/microblaze_0/include -mlittle-endian -mcpu=v9.3 -mxl-soft-mul -Wl,--no-relax -ffunction-sections -fdata-sections -MMD -MP -MF"src/physics.d" -MT"src/physics.d" -o "src/physics.o" "../src/physics.cpp"
'Finished building: ../src/physics.cpp'
' '
'Building file: ../src/position_locator.cpp'
'Invoking: MicroBlaze g++ compiler'
mb-g++ -std=c++11 -Wall -O2 -g3 -c -fmessage-length=0 -I../../original_project_bsp/microblaze_0/include -mlittle-endian -mcpu=v9.3 -mxl-soft-mul -Wl,--no-relax -ffunction-sections -fdata-sections -MMD -MP -MF"src/position_locator.d" -MT"src/position_locator.d" -o "src/position_locator.o" "../src/position_locator.cpp"
'Finished building: ../src/position_locator.cpp'
' '
'Building target: original_project.elf'
'Invoking: MicroBlaze g++ linker'
mb-g++ -Wl,-T -Wl,../src/lscript.ld -L../../original_project_bsp/microblaze_0/lib -mlittle-endian -mcpu=v9.3 -mxl-soft-mul -Wl,--no-relax -Wl,--gc-sections -o "original_project.elf"  ./src/TFT.o ./src/angles.o ./src/physics.o ./src/position_locator.o   -Wl,--start-group,-lxil,-lgcc,-lc,-lstdc++,--end-group
'Finished building target: original_project.elf'
' '
'Invoking: MicroBlaze Print Size'
mb-size original_project.elf  |tee "original_project.elf.size"
   text	   data	    bss	    dec	    hex	filename
 177676	   1484	  68024	 247184	  3c590	original_project.elf
'Finished building: original_project.elf.size'
' '
15:54:05 **** Incremental Build of configuration Debug for project original_project ****
make all 
make: Nothing to be done for `all'.
15:55:05 **** Incremental Build of configuration Debug for project original_project ****
make all 
make: Nothing to be done for `all'.
15:56:51 **** Incremental Build of configuration Debug for project original_project ****
make all 
make: Nothing to be done for `all'.
15:58:23 **** Incremental Build of configuration Debug for project original_project ****
make all 
make: Nothing to be done for `all'.
15:59:26 **** Incremental Build of configuration Debug for project original_project ****
make all 
make: Nothing to be done for `all'.
16:01:00 **** Auto Build of configuration Debug for project original_project ****
make all 
'Building file: ../src/physics.cpp'
'Invoking: MicroBlaze g++ compiler'
mb-g++ -std=c++11 -Wall -O2 -g3 -c -fmessage-length=0 -I../../original_project_bsp/microblaze_0/include -mlittle-endian -mcpu=v9.3 -mxl-soft-mul -Wl,--no-relax -ffunction-sections -fdata-sections -MMD -MP -MF"src/physics.d" -MT"src/physics.d" -o "src/physics.o" "../src/physics.cpp"
'Finished building: ../src/physics.cpp'
' '
'Building target: original_project.elf'
'Invoking: MicroBlaze g++ linker'
mb-g++ -Wl,-T -Wl,../src/lscript.ld -L../../original_project_bsp/microblaze_0/lib -mlittle-endian -mcpu=v9.3 -mxl-soft-mul -Wl,--no-relax -Wl,--gc-sections -o "original_project.elf"  ./src/TFT.o ./src/angles.o ./src/physics.o ./src/position_locator.o   -Wl,--start-group,-lxil,-lgcc,-lc,-lstdc++,--end-group
'Finished building target: original_project.elf'
' '
'Invoking: MicroBlaze Print Size'
mb-size original_project.elf  |tee "original_project.elf.size"
   text	   data	    bss	    dec	    hex	filename
 177676	   1484	  68024	 247184	  3c590	original_project.elf
'Finished building: original_project.elf.size'
' '
16:01:02 **** Incremental Build of configuration Debug for project original_project ****
make all 
make: Nothing to be done for `all'.
16:01:15 **** Incremental Build of configuration Debug for project original_project ****
make all 
make: Nothing to be done for `all'.
16:04:07 **** Incremental Build of configuration Debug for project original_project ****
make all 
make: Nothing to be done for `all'.
16:04:21 **** Incremental Build of configuration Debug for project original_project ****
make all 
make: Nothing to be done for `all'.
16:04:45 **** Auto Build of configuration Debug for project original_project ****
make all 
'Building file: ../src/physics.cpp'
'Invoking: MicroBlaze g++ compiler'
mb-g++ -std=c++11 -Wall -O2 -g3 -c -fmessage-length=0 -I../../original_project_bsp/microblaze_0/include -mlittle-endian -mcpu=v9.3 -mxl-soft-mul -Wl,--no-relax -ffunction-sections -fdata-sections -MMD -MP -MF"src/physics.d" -MT"src/physics.d" -o "src/physics.o" "../src/physics.cpp"
'Finished building: ../src/physics.cpp'
' '
'Building target: original_project.elf'
'Invoking: MicroBlaze g++ linker'
mb-g++ -Wl,-T -Wl,../src/lscript.ld -L../../original_project_bsp/microblaze_0/lib -mlittle-endian -mcpu=v9.3 -mxl-soft-mul -Wl,--no-relax -Wl,--gc-sections -o "original_project.elf"  ./src/TFT.o ./src/angles.o ./src/physics.o ./src/position_locator.o   -Wl,--start-group,-lxil,-lgcc,-lc,-lstdc++,--end-group
'Finished building target: original_project.elf'
' '
'Invoking: MicroBlaze Print Size'
mb-size original_project.elf  |tee "original_project.elf.size"
   text	   data	    bss	    dec	    hex	filename
 177676	   1484	  68024	 247184	  3c590	original_project.elf
'Finished building: original_project.elf.size'
' '
16:04:49 **** Incremental Build of configuration Debug for project original_project ****
make all 
make: Nothing to be done for `all'.
16:05:06 **** Incremental Build of configuration Debug for project original_project ****
make all 
make: Nothing to be done for `all'.
16:08:37 **** Incremental Build of configuration Debug for project original_project ****
make all 
make: Nothing to be done for `all'.
16:09:40 **** Incremental Build of configuration Debug for project original_project ****
make all 
make: Nothing to be done for `all'.
16:10:58 **** Auto Build of configuration Debug for project original_project ****
make all 
make: Nothing to be done for `all'.
16:11:12 **** Auto Build of configuration Debug for project original_project ****
make all 
'Building file: ../src/physics.cpp'
'Invoking: MicroBlaze g++ compiler'
mb-g++ -std=c++11 -Wall -O2 -g3 -c -fmessage-length=0 -I../../original_project_bsp/microblaze_0/include -mlittle-endian -mcpu=v9.3 -mxl-soft-mul -Wl,--no-relax -ffunction-sections -fdata-sections -MMD -MP -MF"src/physics.d" -MT"src/physics.d" -o "src/physics.o" "../src/physics.cpp"
'Finished building: ../src/physics.cpp'
' '
'Building target: original_project.elf'
'Invoking: MicroBlaze g++ linker'
mb-g++ -Wl,-T -Wl,../src/lscript.ld -L../../original_project_bsp/microblaze_0/lib -mlittle-endian -mcpu=v9.3 -mxl-soft-mul -Wl,--no-relax -Wl,--gc-sections -o "original_project.elf"  ./src/TFT.o ./src/angles.o ./src/physics.o ./src/position_locator.o   -Wl,--start-group,-lxil,-lgcc,-lc,-lstdc++,--end-group
'Finished building target: original_project.elf'
' '
'Invoking: MicroBlaze Print Size'
mb-size original_project.elf  |tee "original_project.elf.size"
   text	   data	    bss	    dec	    hex	filename
 177676	   1484	  68024	 247184	  3c590	original_project.elf
'Finished building: original_project.elf.size'
' '
16:11:19 **** Clean-only build of configuration Debug for project original_project ****
make clean 
rm -rf  ./src/TFT.o ./src/angles.o ./src/physics.o ./src/position_locator.o  ./src/TFT.d ./src/angles.d ./src/physics.d ./src/position_locator.d  original_project.elf.size  original_project.elf
' '
16:11:19 **** Auto Build of configuration Debug for project original_project ****
make all 
'Building file: ../src/TFT.cpp'
'Invoking: MicroBlaze g++ compiler'
mb-g++ -std=c++11 -Wall -O2 -g3 -c -fmessage-length=0 -I../../original_project_bsp/microblaze_0/include -mlittle-endian -mcpu=v9.3 -mxl-soft-mul -Wl,--no-relax -ffunction-sections -fdata-sections -MMD -MP -MF"src/TFT.d" -MT"src/TFT.d" -o "src/TFT.o" "../src/TFT.cpp"
../src/TFT.cpp: In function 'void DrawState(GameState*)':
../src/TFT.cpp:112:9: warning: variable 'east_wall' set but not used [-Wunused-but-set-variable]
     int east_wall;
         ^
../src/TFT.cpp:114:9: warning: variable 'north_wall' set but not used [-Wunused-but-set-variable]
     int north_wall;
         ^
../src/TFT.cpp:116:9: warning: variable 'west_wall' set but not used [-Wunused-but-set-variable]
     int west_wall, south_wall;
         ^
../src/TFT.cpp:116:20: warning: variable 'south_wall' set but not used [-Wunused-but-set-variable]
     int west_wall, south_wall;
                    ^
'Finished building: ../src/TFT.cpp'
' '
'Building file: ../src/angles.cpp'
'Invoking: MicroBlaze g++ compiler'
mb-g++ -std=c++11 -Wall -O2 -g3 -c -fmessage-length=0 -I../../original_project_bsp/microblaze_0/include -mlittle-endian -mcpu=v9.3 -mxl-soft-mul -Wl,--no-relax -ffunction-sections -fdata-sections -MMD -MP -MF"src/angles.d" -MT"src/angles.d" -o "src/angles.o" "../src/angles.cpp"
'Finished building: ../src/angles.cpp'
' '
'Building file: ../src/physics.cpp'
'Invoking: MicroBlaze g++ compiler'
mb-g++ -std=c++11 -Wall -O2 -g3 -c -fmessage-length=0 -I../../original_project_bsp/microblaze_0/include -mlittle-endian -mcpu=v9.3 -mxl-soft-mul -Wl,--no-relax -ffunction-sections -fdata-sections -MMD -MP -MF"src/physics.d" -MT"src/physics.d" -o "src/physics.o" "../src/physics.cpp"
'Finished building: ../src/physics.cpp'
' '
'Building file: ../src/position_locator.cpp'
'Invoking: MicroBlaze g++ compiler'
mb-g++ -std=c++11 -Wall -O2 -g3 -c -fmessage-length=0 -I../../original_project_bsp/microblaze_0/include -mlittle-endian -mcpu=v9.3 -mxl-soft-mul -Wl,--no-relax -ffunction-sections -fdata-sections -MMD -MP -MF"src/position_locator.d" -MT"src/position_locator.d" -o "src/position_locator.o" "../src/position_locator.cpp"
'Finished building: ../src/position_locator.cpp'
' '
'Building target: original_project.elf'
'Invoking: MicroBlaze g++ linker'
mb-g++ -Wl,-T -Wl,../src/lscript.ld -L../../original_project_bsp/microblaze_0/lib -mlittle-endian -mcpu=v9.3 -mxl-soft-mul -Wl,--no-relax -Wl,--gc-sections -o "original_project.elf"  ./src/TFT.o ./src/angles.o ./src/physics.o ./src/position_locator.o   -Wl,--start-group,-lxil,-lgcc,-lc,-lstdc++,--end-group
'Finished building target: original_project.elf'
' '
'Invoking: MicroBlaze Print Size'
mb-size original_project.elf  |tee "original_project.elf.size"
   text	   data	    bss	    dec	    hex	filename
 177692	   1484	  68024	 247200	  3c5a0	original_project.elf
'Finished building: original_project.elf.size'
' '
16:11:24 **** Incremental Build of configuration Debug for project original_project ****
make all 
make: Nothing to be done for `all'.
16:11:57 **** Incremental Build of configuration Debug for project original_project ****
make all 
make: Nothing to be done for `all'.
16:12:12 **** Incremental Build of configuration Debug for project original_project ****
make all 
make: Nothing to be done for `all'.
16:16:02 **** Auto Build of configuration Debug for project original_project ****
make all 
'Building file: ../src/physics.cpp'
'Invoking: MicroBlaze g++ compiler'
mb-g++ -std=c++11 -Wall -O2 -g3 -c -fmessage-length=0 -I../../original_project_bsp/microblaze_0/include -mlittle-endian -mcpu=v9.3 -mxl-soft-mul -Wl,--no-relax -ffunction-sections -fdata-sections -MMD -MP -MF"src/physics.d" -MT"src/physics.d" -o "src/physics.o" "../src/physics.cpp"
'Finished building: ../src/physics.cpp'
' '
'Building target: original_project.elf'
'Invoking: MicroBlaze g++ linker'
mb-g++ -Wl,-T -Wl,../src/lscript.ld -L../../original_project_bsp/microblaze_0/lib -mlittle-endian -mcpu=v9.3 -mxl-soft-mul -Wl,--no-relax -Wl,--gc-sections -o "original_project.elf"  ./src/TFT.o ./src/angles.o ./src/physics.o ./src/position_locator.o   -Wl,--start-group,-lxil,-lgcc,-lc,-lstdc++,--end-group
'Finished building target: original_project.elf'
' '
'Invoking: MicroBlaze Print Size'
mb-size original_project.elf  |tee "original_project.elf.size"
   text	   data	    bss	    dec	    hex	filename
 177692	   1484	  68024	 247200	  3c5a0	original_project.elf
'Finished building: original_project.elf.size'
' '
16:16:10 **** Clean-only build of configuration Debug for project original_project ****
make clean 
rm -rf  ./src/TFT.o ./src/angles.o ./src/physics.o ./src/position_locator.o  ./src/TFT.d ./src/angles.d ./src/physics.d ./src/position_locator.d  original_project.elf.size  original_project.elf
' '
16:16:10 **** Auto Build of configuration Debug for project original_project ****
make all 
'Building file: ../src/TFT.cpp'
'Invoking: MicroBlaze g++ compiler'
mb-g++ -std=c++11 -Wall -O2 -g3 -c -fmessage-length=0 -I../../original_project_bsp/microblaze_0/include -mlittle-endian -mcpu=v9.3 -mxl-soft-mul -Wl,--no-relax -ffunction-sections -fdata-sections -MMD -MP -MF"src/TFT.d" -MT"src/TFT.d" -o "src/TFT.o" "../src/TFT.cpp"
../src/TFT.cpp: In function 'void DrawState(GameState*)':
../src/TFT.cpp:112:9: warning: variable 'east_wall' set but not used [-Wunused-but-set-variable]
     int east_wall;
         ^
../src/TFT.cpp:114:9: warning: variable 'north_wall' set but not used [-Wunused-but-set-variable]
     int north_wall;
         ^
../src/TFT.cpp:116:9: warning: variable 'west_wall' set but not used [-Wunused-but-set-variable]
     int west_wall, south_wall;
         ^
../src/TFT.cpp:116:20: warning: variable 'south_wall' set but not used [-Wunused-but-set-variable]
     int west_wall, south_wall;
                    ^
'Finished building: ../src/TFT.cpp'
' '
'Building file: ../src/angles.cpp'
'Invoking: MicroBlaze g++ compiler'
mb-g++ -std=c++11 -Wall -O2 -g3 -c -fmessage-length=0 -I../../original_project_bsp/microblaze_0/include -mlittle-endian -mcpu=v9.3 -mxl-soft-mul -Wl,--no-relax -ffunction-sections -fdata-sections -MMD -MP -MF"src/angles.d" -MT"src/angles.d" -o "src/angles.o" "../src/angles.cpp"
'Finished building: ../src/angles.cpp'
' '
'Building file: ../src/physics.cpp'
'Invoking: MicroBlaze g++ compiler'
mb-g++ -std=c++11 -Wall -O2 -g3 -c -fmessage-length=0 -I../../original_project_bsp/microblaze_0/include -mlittle-endian -mcpu=v9.3 -mxl-soft-mul -Wl,--no-relax -ffunction-sections -fdata-sections -MMD -MP -MF"src/physics.d" -MT"src/physics.d" -o "src/physics.o" "../src/physics.cpp"
'Finished building: ../src/physics.cpp'
' '
'Building file: ../src/position_locator.cpp'
'Invoking: MicroBlaze g++ compiler'
mb-g++ -std=c++11 -Wall -O2 -g3 -c -fmessage-length=0 -I../../original_project_bsp/microblaze_0/include -mlittle-endian -mcpu=v9.3 -mxl-soft-mul -Wl,--no-relax -ffunction-sections -fdata-sections -MMD -MP -MF"src/position_locator.d" -MT"src/position_locator.d" -o "src/position_locator.o" "../src/position_locator.cpp"
'Finished building: ../src/position_locator.cpp'
' '
'Building target: original_project.elf'
'Invoking: MicroBlaze g++ linker'
mb-g++ -Wl,-T -Wl,../src/lscript.ld -L../../original_project_bsp/microblaze_0/lib -mlittle-endian -mcpu=v9.3 -mxl-soft-mul -Wl,--no-relax -Wl,--gc-sections -o "original_project.elf"  ./src/TFT.o ./src/angles.o ./src/physics.o ./src/position_locator.o   -Wl,--start-group,-lxil,-lgcc,-lc,-lstdc++,--end-group
'Finished building target: original_project.elf'
' '
'Invoking: MicroBlaze Print Size'
mb-size original_project.elf  |tee "original_project.elf.size"
   text	   data	    bss	    dec	    hex	filename
 177692	   1484	  68024	 247200	  3c5a0	original_project.elf
'Finished building: original_project.elf.size'
' '
16:16:15 **** Incremental Build of configuration Debug for project original_project ****
make all 
make: Nothing to be done for `all'.
16:17:50 **** Auto Build of configuration Debug for project original_project ****
make all 
'Building file: ../src/physics.cpp'
'Invoking: MicroBlaze g++ compiler'
mb-g++ -std=c++11 -Wall -O2 -g3 -c -fmessage-length=0 -I../../original_project_bsp/microblaze_0/include -mlittle-endian -mcpu=v9.3 -mxl-soft-mul -Wl,--no-relax -ffunction-sections -fdata-sections -MMD -MP -MF"src/physics.d" -MT"src/physics.d" -o "src/physics.o" "../src/physics.cpp"
'Finished building: ../src/physics.cpp'
' '
'Building target: original_project.elf'
'Invoking: MicroBlaze g++ linker'
mb-g++ -Wl,-T -Wl,../src/lscript.ld -L../../original_project_bsp/microblaze_0/lib -mlittle-endian -mcpu=v9.3 -mxl-soft-mul -Wl,--no-relax -Wl,--gc-sections -o "original_project.elf"  ./src/TFT.o ./src/angles.o ./src/physics.o ./src/position_locator.o   -Wl,--start-group,-lxil,-lgcc,-lc,-lstdc++,--end-group
'Finished building target: original_project.elf'
' '
'Invoking: MicroBlaze Print Size'
mb-size original_project.elf  |tee "original_project.elf.size"
   text	   data	    bss	    dec	    hex	filename
 177696	   1484	  68020	 247200	  3c5a0	original_project.elf
'Finished building: original_project.elf.size'
' '
16:18:07 **** Incremental Build of configuration Debug for project original_project ****
make all 
make: Nothing to be done for `all'.
16:18:33 **** Incremental Build of configuration Debug for project original_project ****
make all 
make: Nothing to be done for `all'.
16:20:02 **** Auto Build of configuration Debug for project original_project ****
make all 
make: Nothing to be done for `all'.
16:20:08 **** Clean-only build of configuration Debug for project original_project ****
make clean 
rm -rf  ./src/TFT.o ./src/angles.o ./src/physics.o ./src/position_locator.o  ./src/TFT.d ./src/angles.d ./src/physics.d ./src/position_locator.d  original_project.elf.size  original_project.elf
' '
16:20:08 **** Auto Build of configuration Debug for project original_project ****
make all 
'Building file: ../src/TFT.cpp'
'Invoking: MicroBlaze g++ compiler'
mb-g++ -std=c++11 -Wall -O2 -g3 -c -fmessage-length=0 -I../../original_project_bsp/microblaze_0/include -mlittle-endian -mcpu=v9.3 -mxl-soft-mul -Wl,--no-relax -ffunction-sections -fdata-sections -MMD -MP -MF"src/TFT.d" -MT"src/TFT.d" -o "src/TFT.o" "../src/TFT.cpp"
../src/TFT.cpp: In function 'void DrawState(GameState*)':
../src/TFT.cpp:112:9: warning: variable 'east_wall' set but not used [-Wunused-but-set-variable]
     int east_wall;
         ^
../src/TFT.cpp:114:9: warning: variable 'north_wall' set but not used [-Wunused-but-set-variable]
     int north_wall;
         ^
../src/TFT.cpp:116:9: warning: variable 'west_wall' set but not used [-Wunused-but-set-variable]
     int west_wall, south_wall;
         ^
../src/TFT.cpp:116:20: warning: variable 'south_wall' set but not used [-Wunused-but-set-variable]
     int west_wall, south_wall;
                    ^
'Finished building: ../src/TFT.cpp'
' '
'Building file: ../src/angles.cpp'
'Invoking: MicroBlaze g++ compiler'
mb-g++ -std=c++11 -Wall -O2 -g3 -c -fmessage-length=0 -I../../original_project_bsp/microblaze_0/include -mlittle-endian -mcpu=v9.3 -mxl-soft-mul -Wl,--no-relax -ffunction-sections -fdata-sections -MMD -MP -MF"src/angles.d" -MT"src/angles.d" -o "src/angles.o" "../src/angles.cpp"
'Finished building: ../src/angles.cpp'
' '
'Building file: ../src/physics.cpp'
'Invoking: MicroBlaze g++ compiler'
mb-g++ -std=c++11 -Wall -O2 -g3 -c -fmessage-length=0 -I../../original_project_bsp/microblaze_0/include -mlittle-endian -mcpu=v9.3 -mxl-soft-mul -Wl,--no-relax -ffunction-sections -fdata-sections -MMD -MP -MF"src/physics.d" -MT"src/physics.d" -o "src/physics.o" "../src/physics.cpp"
'Finished building: ../src/physics.cpp'
' '
'Building file: ../src/position_locator.cpp'
'Invoking: MicroBlaze g++ compiler'
mb-g++ -std=c++11 -Wall -O2 -g3 -c -fmessage-length=0 -I../../original_project_bsp/microblaze_0/include -mlittle-endian -mcpu=v9.3 -mxl-soft-mul -Wl,--no-relax -ffunction-sections -fdata-sections -MMD -MP -MF"src/position_locator.d" -MT"src/position_locator.d" -o "src/position_locator.o" "../src/position_locator.cpp"
'Finished building: ../src/position_locator.cpp'
' '
'Building target: original_project.elf'
'Invoking: MicroBlaze g++ linker'
mb-g++ -Wl,-T -Wl,../src/lscript.ld -L../../original_project_bsp/microblaze_0/lib -mlittle-endian -mcpu=v9.3 -mxl-soft-mul -Wl,--no-relax -Wl,--gc-sections -o "original_project.elf"  ./src/TFT.o ./src/angles.o ./src/physics.o ./src/position_locator.o   -Wl,--start-group,-lxil,-lgcc,-lc,-lstdc++,--end-group
'Finished building target: original_project.elf'
' '
'Invoking: MicroBlaze Print Size'
mb-size original_project.elf  |tee "original_project.elf.size"
   text	   data	    bss	    dec	    hex	filename
 177680	   1484	  68020	 247184	  3c590	original_project.elf
'Finished building: original_project.elf.size'
' '
16:20:13 **** Incremental Build of configuration Debug for project original_project ****
make all 
make: Nothing to be done for `all'.
16:20:45 **** Auto Build of configuration Debug for project original_project ****
make all 
'Building file: ../src/physics.cpp'
'Invoking: MicroBlaze g++ compiler'
mb-g++ -std=c++11 -Wall -O2 -g3 -c -fmessage-length=0 -I../../original_project_bsp/microblaze_0/include -mlittle-endian -mcpu=v9.3 -mxl-soft-mul -Wl,--no-relax -ffunction-sections -fdata-sections -MMD -MP -MF"src/physics.d" -MT"src/physics.d" -o "src/physics.o" "../src/physics.cpp"
'Finished building: ../src/physics.cpp'
' '
'Building target: original_project.elf'
'Invoking: MicroBlaze g++ linker'
mb-g++ -Wl,-T -Wl,../src/lscript.ld -L../../original_project_bsp/microblaze_0/lib -mlittle-endian -mcpu=v9.3 -mxl-soft-mul -Wl,--no-relax -Wl,--gc-sections -o "original_project.elf"  ./src/TFT.o ./src/angles.o ./src/physics.o ./src/position_locator.o   -Wl,--start-group,-lxil,-lgcc,-lc,-lstdc++,--end-group
'Finished building target: original_project.elf'
' '
'Invoking: MicroBlaze Print Size'
mb-size original_project.elf  |tee "original_project.elf.size"
   text	   data	    bss	    dec	    hex	filename
 177680	   1484	  68020	 247184	  3c590	original_project.elf
'Finished building: original_project.elf.size'
' '
16:20:47 **** Incremental Build of configuration Debug for project original_project ****
make all 
make: Nothing to be done for `all'.
16:21:18 **** Incremental Build of configuration Debug for project original_project ****
make all 
make: Nothing to be done for `all'.
16:21:40 **** Incremental Build of configuration Debug for project original_project ****
make all 
make: Nothing to be done for `all'.
16:22:40 **** Incremental Build of configuration Debug for project original_project ****
make all 
make: Nothing to be done for `all'.
16:22:59 **** Incremental Build of configuration Debug for project original_project ****
make all 
make: Nothing to be done for `all'.
16:23:52 **** Auto Build of configuration Debug for project original_project ****
make all 
'Building file: ../src/physics.cpp'
'Invoking: MicroBlaze g++ compiler'
mb-g++ -std=c++11 -Wall -O2 -g3 -c -fmessage-length=0 -I../../original_project_bsp/microblaze_0/include -mlittle-endian -mcpu=v9.3 -mxl-soft-mul -Wl,--no-relax -ffunction-sections -fdata-sections -MMD -MP -MF"src/physics.d" -MT"src/physics.d" -o "src/physics.o" "../src/physics.cpp"
'Finished building: ../src/physics.cpp'
' '
'Building target: original_project.elf'
'Invoking: MicroBlaze g++ linker'
mb-g++ -Wl,-T -Wl,../src/lscript.ld -L../../original_project_bsp/microblaze_0/lib -mlittle-endian -mcpu=v9.3 -mxl-soft-mul -Wl,--no-relax -Wl,--gc-sections -o "original_project.elf"  ./src/TFT.o ./src/angles.o ./src/physics.o ./src/position_locator.o   -Wl,--start-group,-lxil,-lgcc,-lc,-lstdc++,--end-group
'Finished building target: original_project.elf'
' '
'Invoking: MicroBlaze Print Size'
mb-size original_project.elf  |tee "original_project.elf.size"
   text	   data	    bss	    dec	    hex	filename
 177672	   1484	  68020	 247176	  3c588	original_project.elf
'Finished building: original_project.elf.size'
' '
16:23:55 **** Incremental Build of configuration Debug for project original_project ****
make all 
make: Nothing to be done for `all'.
16:31:34 **** Auto Build of configuration Debug for project original_project ****
make all 
'Building file: ../src/physics.cpp'
'Invoking: MicroBlaze g++ compiler'
mb-g++ -std=c++11 -Wall -O2 -g3 -c -fmessage-length=0 -I../../original_project_bsp/microblaze_0/include -mlittle-endian -mcpu=v9.3 -mxl-soft-mul -Wl,--no-relax -ffunction-sections -fdata-sections -MMD -MP -MF"src/physics.d" -MT"src/physics.d" -o "src/physics.o" "../src/physics.cpp"
'Finished building: ../src/physics.cpp'
' '
'Building target: original_project.elf'
'Invoking: MicroBlaze g++ linker'
mb-g++ -Wl,-T -Wl,../src/lscript.ld -L../../original_project_bsp/microblaze_0/lib -mlittle-endian -mcpu=v9.3 -mxl-soft-mul -Wl,--no-relax -Wl,--gc-sections -o "original_project.elf"  ./src/TFT.o ./src/angles.o ./src/physics.o ./src/position_locator.o   -Wl,--start-group,-lxil,-lgcc,-lc,-lstdc++,--end-group
'Finished building target: original_project.elf'
' '
'Invoking: MicroBlaze Print Size'
mb-size original_project.elf  |tee "original_project.elf.size"
   text	   data	    bss	    dec	    hex	filename
 176660	   1484	  68024	 246168	  3c198	original_project.elf
'Finished building: original_project.elf.size'
' '
16:31:37 **** Incremental Build of configuration Debug for project original_project ****
make all 
make: Nothing to be done for `all'.
16:31:49 **** Clean-only build of configuration Debug for project original_project ****
make clean 
rm -rf  ./src/TFT.o ./src/angles.o ./src/physics.o ./src/position_locator.o  ./src/TFT.d ./src/angles.d ./src/physics.d ./src/position_locator.d  original_project.elf.size  original_project.elf
' '
16:31:49 **** Auto Build of configuration Debug for project original_project ****
make all 
'Building file: ../src/TFT.cpp'
'Invoking: MicroBlaze g++ compiler'
mb-g++ -std=c++11 -Wall -O2 -g3 -c -fmessage-length=0 -I../../original_project_bsp/microblaze_0/include -mlittle-endian -mcpu=v9.3 -mxl-soft-mul -Wl,--no-relax -ffunction-sections -fdata-sections -MMD -MP -MF"src/TFT.d" -MT"src/TFT.d" -o "src/TFT.o" "../src/TFT.cpp"
../src/TFT.cpp: In function 'void DrawState(GameState*)':
../src/TFT.cpp:112:9: warning: variable 'east_wall' set but not used [-Wunused-but-set-variable]
     int east_wall;
         ^
../src/TFT.cpp:114:9: warning: variable 'north_wall' set but not used [-Wunused-but-set-variable]
     int north_wall;
         ^
../src/TFT.cpp:116:9: warning: variable 'west_wall' set but not used [-Wunused-but-set-variable]
     int west_wall, south_wall;
         ^
../src/TFT.cpp:116:20: warning: variable 'south_wall' set but not used [-Wunused-but-set-variable]
     int west_wall, south_wall;
                    ^
'Finished building: ../src/TFT.cpp'
' '
'Building file: ../src/angles.cpp'
'Invoking: MicroBlaze g++ compiler'
mb-g++ -std=c++11 -Wall -O2 -g3 -c -fmessage-length=0 -I../../original_project_bsp/microblaze_0/include -mlittle-endian -mcpu=v9.3 -mxl-soft-mul -Wl,--no-relax -ffunction-sections -fdata-sections -MMD -MP -MF"src/angles.d" -MT"src/angles.d" -o "src/angles.o" "../src/angles.cpp"
'Finished building: ../src/angles.cpp'
' '
'Building file: ../src/physics.cpp'
'Invoking: MicroBlaze g++ compiler'
mb-g++ -std=c++11 -Wall -O2 -g3 -c -fmessage-length=0 -I../../original_project_bsp/microblaze_0/include -mlittle-endian -mcpu=v9.3 -mxl-soft-mul -Wl,--no-relax -ffunction-sections -fdata-sections -MMD -MP -MF"src/physics.d" -MT"src/physics.d" -o "src/physics.o" "../src/physics.cpp"
'Finished building: ../src/physics.cpp'
' '
'Building file: ../src/position_locator.cpp'
'Invoking: MicroBlaze g++ compiler'
mb-g++ -std=c++11 -Wall -O2 -g3 -c -fmessage-length=0 -I../../original_project_bsp/microblaze_0/include -mlittle-endian -mcpu=v9.3 -mxl-soft-mul -Wl,--no-relax -ffunction-sections -fdata-sections -MMD -MP -MF"src/position_locator.d" -MT"src/position_locator.d" -o "src/position_locator.o" "../src/position_locator.cpp"
'Finished building: ../src/position_locator.cpp'
' '
'Building target: original_project.elf'
'Invoking: MicroBlaze g++ linker'
mb-g++ -Wl,-T -Wl,../src/lscript.ld -L../../original_project_bsp/microblaze_0/lib -mlittle-endian -mcpu=v9.3 -mxl-soft-mul -Wl,--no-relax -Wl,--gc-sections -o "original_project.elf"  ./src/TFT.o ./src/angles.o ./src/physics.o ./src/position_locator.o   -Wl,--start-group,-lxil,-lgcc,-lc,-lstdc++,--end-group
'Finished building target: original_project.elf'
' '
'Invoking: MicroBlaze Print Size'
mb-size original_project.elf  |tee "original_project.elf.size"
   text	   data	    bss	    dec	    hex	filename
 176660	   1484	  68024	 246168	  3c198	original_project.elf
'Finished building: original_project.elf.size'
' '
16:31:55 **** Incremental Build of configuration Debug for project original_project ****
make all 
make: Nothing to be done for `all'.
16:32:24 **** Auto Build of configuration Debug for project original_project ****
make all 
'Building file: ../src/physics.cpp'
'Invoking: MicroBlaze g++ compiler'
mb-g++ -std=c++11 -Wall -O2 -g3 -c -fmessage-length=0 -I../../original_project_bsp/microblaze_0/include -mlittle-endian -mcpu=v9.3 -mxl-soft-mul -Wl,--no-relax -ffunction-sections -fdata-sections -MMD -MP -MF"src/physics.d" -MT"src/physics.d" -o "src/physics.o" "../src/physics.cpp"
'Finished building: ../src/physics.cpp'
' '
'Building target: original_project.elf'
'Invoking: MicroBlaze g++ linker'
mb-g++ -Wl,-T -Wl,../src/lscript.ld -L../../original_project_bsp/microblaze_0/lib -mlittle-endian -mcpu=v9.3 -mxl-soft-mul -Wl,--no-relax -Wl,--gc-sections -o "original_project.elf"  ./src/TFT.o ./src/angles.o ./src/physics.o ./src/position_locator.o   -Wl,--start-group,-lxil,-lgcc,-lc,-lstdc++,--end-group
'Finished building target: original_project.elf'
' '
'Invoking: MicroBlaze Print Size'
mb-size original_project.elf  |tee "original_project.elf.size"
   text	   data	    bss	    dec	    hex	filename
 176660	   1484	  68024	 246168	  3c198	original_project.elf
'Finished building: original_project.elf.size'
' '
16:32:28 **** Incremental Build of configuration Debug for project original_project ****
make all 
make: Nothing to be done for `all'.
16:32:41 **** Clean-only build of configuration Debug for project original_project ****
make clean 
rm -rf  ./src/TFT.o ./src/angles.o ./src/physics.o ./src/position_locator.o  ./src/TFT.d ./src/angles.d ./src/physics.d ./src/position_locator.d  original_project.elf.size  original_project.elf
' '
16:32:41 **** Auto Build of configuration Debug for project original_project ****
make all 
'Building file: ../src/TFT.cpp'
'Invoking: MicroBlaze g++ compiler'
mb-g++ -std=c++11 -Wall -O2 -g3 -c -fmessage-length=0 -I../../original_project_bsp/microblaze_0/include -mlittle-endian -mcpu=v9.3 -mxl-soft-mul -Wl,--no-relax -ffunction-sections -fdata-sections -MMD -MP -MF"src/TFT.d" -MT"src/TFT.d" -o "src/TFT.o" "../src/TFT.cpp"
../src/TFT.cpp: In function 'void DrawState(GameState*)':
../src/TFT.cpp:112:9: warning: variable 'east_wall' set but not used [-Wunused-but-set-variable]
     int east_wall;
         ^
../src/TFT.cpp:114:9: warning: variable 'north_wall' set but not used [-Wunused-but-set-variable]
     int north_wall;
         ^
../src/TFT.cpp:116:9: warning: variable 'west_wall' set but not used [-Wunused-but-set-variable]
     int west_wall, south_wall;
         ^
../src/TFT.cpp:116:20: warning: variable 'south_wall' set but not used [-Wunused-but-set-variable]
     int west_wall, south_wall;
                    ^
'Finished building: ../src/TFT.cpp'
' '
'Building file: ../src/angles.cpp'
'Invoking: MicroBlaze g++ compiler'
mb-g++ -std=c++11 -Wall -O2 -g3 -c -fmessage-length=0 -I../../original_project_bsp/microblaze_0/include -mlittle-endian -mcpu=v9.3 -mxl-soft-mul -Wl,--no-relax -ffunction-sections -fdata-sections -MMD -MP -MF"src/angles.d" -MT"src/angles.d" -o "src/angles.o" "../src/angles.cpp"
'Finished building: ../src/angles.cpp'
' '
'Building file: ../src/physics.cpp'
'Invoking: MicroBlaze g++ compiler'
mb-g++ -std=c++11 -Wall -O2 -g3 -c -fmessage-length=0 -I../../original_project_bsp/microblaze_0/include -mlittle-endian -mcpu=v9.3 -mxl-soft-mul -Wl,--no-relax -ffunction-sections -fdata-sections -MMD -MP -MF"src/physics.d" -MT"src/physics.d" -o "src/physics.o" "../src/physics.cpp"
'Finished building: ../src/physics.cpp'
' '
'Building file: ../src/position_locator.cpp'
'Invoking: MicroBlaze g++ compiler'
mb-g++ -std=c++11 -Wall -O2 -g3 -c -fmessage-length=0 -I../../original_project_bsp/microblaze_0/include -mlittle-endian -mcpu=v9.3 -mxl-soft-mul -Wl,--no-relax -ffunction-sections -fdata-sections -MMD -MP -MF"src/position_locator.d" -MT"src/position_locator.d" -o "src/position_locator.o" "../src/position_locator.cpp"
'Finished building: ../src/position_locator.cpp'
' '
'Building target: original_project.elf'
'Invoking: MicroBlaze g++ linker'
mb-g++ -Wl,-T -Wl,../src/lscript.ld -L../../original_project_bsp/microblaze_0/lib -mlittle-endian -mcpu=v9.3 -mxl-soft-mul -Wl,--no-relax -Wl,--gc-sections -o "original_project.elf"  ./src/TFT.o ./src/angles.o ./src/physics.o ./src/position_locator.o   -Wl,--start-group,-lxil,-lgcc,-lc,-lstdc++,--end-group
'Finished building target: original_project.elf'
' '
'Invoking: MicroBlaze Print Size'
mb-size original_project.elf  |tee "original_project.elf.size"
   text	   data	    bss	    dec	    hex	filename
 176660	   1484	  68024	 246168	  3c198	original_project.elf
'Finished building: original_project.elf.size'
' '
16:32:46 **** Incremental Build of configuration Debug for project original_project ****
make all 
make: Nothing to be done for `all'.
16:32:57 **** Incremental Build of configuration Debug for project original_project ****
make all 
make: Nothing to be done for `all'.
16:33:19 **** Clean-only build of configuration Debug for project original_project ****
make clean 
rm -rf  ./src/TFT.o ./src/angles.o ./src/physics.o ./src/position_locator.o  ./src/TFT.d ./src/angles.d ./src/physics.d ./src/position_locator.d  original_project.elf.size  original_project.elf
' '
16:33:19 **** Auto Build of configuration Debug for project original_project ****
make all 
'Building file: ../src/TFT.cpp'
'Invoking: MicroBlaze g++ compiler'
mb-g++ -std=c++11 -Wall -O2 -g3 -c -fmessage-length=0 -I../../original_project_bsp/microblaze_0/include -mlittle-endian -mcpu=v9.3 -mxl-soft-mul -Wl,--no-relax -ffunction-sections -fdata-sections -MMD -MP -MF"src/TFT.d" -MT"src/TFT.d" -o "src/TFT.o" "../src/TFT.cpp"
../src/TFT.cpp: In function 'void DrawState(GameState*)':
../src/TFT.cpp:112:9: warning: variable 'east_wall' set but not used [-Wunused-but-set-variable]
     int east_wall;
         ^
../src/TFT.cpp:114:9: warning: variable 'north_wall' set but not used [-Wunused-but-set-variable]
     int north_wall;
         ^
../src/TFT.cpp:116:9: warning: variable 'west_wall' set but not used [-Wunused-but-set-variable]
     int west_wall, south_wall;
         ^
../src/TFT.cpp:116:20: warning: variable 'south_wall' set but not used [-Wunused-but-set-variable]
     int west_wall, south_wall;
                    ^
'Finished building: ../src/TFT.cpp'
' '
'Building file: ../src/angles.cpp'
'Invoking: MicroBlaze g++ compiler'
mb-g++ -std=c++11 -Wall -O2 -g3 -c -fmessage-length=0 -I../../original_project_bsp/microblaze_0/include -mlittle-endian -mcpu=v9.3 -mxl-soft-mul -Wl,--no-relax -ffunction-sections -fdata-sections -MMD -MP -MF"src/angles.d" -MT"src/angles.d" -o "src/angles.o" "../src/angles.cpp"
'Finished building: ../src/angles.cpp'
' '
'Building file: ../src/physics.cpp'
'Invoking: MicroBlaze g++ compiler'
mb-g++ -std=c++11 -Wall -O2 -g3 -c -fmessage-length=0 -I../../original_project_bsp/microblaze_0/include -mlittle-endian -mcpu=v9.3 -mxl-soft-mul -Wl,--no-relax -ffunction-sections -fdata-sections -MMD -MP -MF"src/physics.d" -MT"src/physics.d" -o "src/physics.o" "../src/physics.cpp"
'Finished building: ../src/physics.cpp'
' '
'Building file: ../src/position_locator.cpp'
'Invoking: MicroBlaze g++ compiler'
mb-g++ -std=c++11 -Wall -O2 -g3 -c -fmessage-length=0 -I../../original_project_bsp/microblaze_0/include -mlittle-endian -mcpu=v9.3 -mxl-soft-mul -Wl,--no-relax -ffunction-sections -fdata-sections -MMD -MP -MF"src/position_locator.d" -MT"src/position_locator.d" -o "src/position_locator.o" "../src/position_locator.cpp"
'Finished building: ../src/position_locator.cpp'
' '
'Building target: original_project.elf'
'Invoking: MicroBlaze g++ linker'
mb-g++ -Wl,-T -Wl,../src/lscript.ld -L../../original_project_bsp/microblaze_0/lib -mlittle-endian -mcpu=v9.3 -mxl-soft-mul -Wl,--no-relax -Wl,--gc-sections -o "original_project.elf"  ./src/TFT.o ./src/angles.o ./src/physics.o ./src/position_locator.o   -Wl,--start-group,-lxil,-lgcc,-lc,-lstdc++,--end-group
'Finished building target: original_project.elf'
' '
'Invoking: MicroBlaze Print Size'
mb-size original_project.elf  |tee "original_project.elf.size"
   text	   data	    bss	    dec	    hex	filename
 176660	   1484	  68024	 246168	  3c198	original_project.elf
'Finished building: original_project.elf.size'
' '
16:33:31 **** Incremental Build of configuration Debug for project original_project ****
make all 
make: Nothing to be done for `all'.
16:33:39 **** Incremental Build of configuration Debug for project original_project ****
make all 
make: Nothing to be done for `all'.
16:34:48 **** Clean-only build of configuration Debug for project original_project ****
make clean 
rm -rf  ./src/TFT.o ./src/angles.o ./src/physics.o ./src/position_locator.o  ./src/TFT.d ./src/angles.d ./src/physics.d ./src/position_locator.d  original_project.elf.size  original_project.elf
' '
16:34:48 **** Auto Build of configuration Debug for project original_project ****
make all 
'Building file: ../src/TFT.cpp'
'Invoking: MicroBlaze g++ compiler'
mb-g++ -std=c++11 -Wall -O2 -g3 -c -fmessage-length=0 -I../../original_project_bsp/microblaze_0/include -mlittle-endian -mcpu=v9.3 -mxl-soft-mul -Wl,--no-relax -ffunction-sections -fdata-sections -MMD -MP -MF"src/TFT.d" -MT"src/TFT.d" -o "src/TFT.o" "../src/TFT.cpp"
../src/TFT.cpp: In function 'void DrawState(GameState*)':
../src/TFT.cpp:112:9: warning: variable 'east_wall' set but not used [-Wunused-but-set-variable]
     int east_wall;
         ^
../src/TFT.cpp:114:9: warning: variable 'north_wall' set but not used [-Wunused-but-set-variable]
     int north_wall;
         ^
../src/TFT.cpp:116:9: warning: variable 'west_wall' set but not used [-Wunused-but-set-variable]
     int west_wall, south_wall;
         ^
../src/TFT.cpp:116:20: warning: variable 'south_wall' set but not used [-Wunused-but-set-variable]
     int west_wall, south_wall;
                    ^
'Finished building: ../src/TFT.cpp'
' '
'Building file: ../src/angles.cpp'
'Invoking: MicroBlaze g++ compiler'
mb-g++ -std=c++11 -Wall -O2 -g3 -c -fmessage-length=0 -I../../original_project_bsp/microblaze_0/include -mlittle-endian -mcpu=v9.3 -mxl-soft-mul -Wl,--no-relax -ffunction-sections -fdata-sections -MMD -MP -MF"src/angles.d" -MT"src/angles.d" -o "src/angles.o" "../src/angles.cpp"
'Finished building: ../src/angles.cpp'
' '
'Building file: ../src/physics.cpp'
'Invoking: MicroBlaze g++ compiler'
mb-g++ -std=c++11 -Wall -O2 -g3 -c -fmessage-length=0 -I../../original_project_bsp/microblaze_0/include -mlittle-endian -mcpu=v9.3 -mxl-soft-mul -Wl,--no-relax -ffunction-sections -fdata-sections -MMD -MP -MF"src/physics.d" -MT"src/physics.d" -o "src/physics.o" "../src/physics.cpp"
'Finished building: ../src/physics.cpp'
' '
'Building file: ../src/position_locator.cpp'
'Invoking: MicroBlaze g++ compiler'
mb-g++ -std=c++11 -Wall -O2 -g3 -c -fmessage-length=0 -I../../original_project_bsp/microblaze_0/include -mlittle-endian -mcpu=v9.3 -mxl-soft-mul -Wl,--no-relax -ffunction-sections -fdata-sections -MMD -MP -MF"src/position_locator.d" -MT"src/position_locator.d" -o "src/position_locator.o" "../src/position_locator.cpp"
'Finished building: ../src/position_locator.cpp'
' '
'Building target: original_project.elf'
'Invoking: MicroBlaze g++ linker'
mb-g++ -Wl,-T -Wl,../src/lscript.ld -L../../original_project_bsp/microblaze_0/lib -mlittle-endian -mcpu=v9.3 -mxl-soft-mul -Wl,--no-relax -Wl,--gc-sections -o "original_project.elf"  ./src/TFT.o ./src/angles.o ./src/physics.o ./src/position_locator.o   -Wl,--start-group,-lxil,-lgcc,-lc,-lstdc++,--end-group
'Finished building target: original_project.elf'
' '
'Invoking: MicroBlaze Print Size'
mb-size original_project.elf  |tee "original_project.elf.size"
   text	   data	    bss	    dec	    hex	filename
 176660	   1484	  68024	 246168	  3c198	original_project.elf
'Finished building: original_project.elf.size'
' '
16:35:00 **** Incremental Build of configuration Debug for project original_project ****
make all 
make: Nothing to be done for `all'.
16:35:12 **** Auto Build of configuration Debug for project original_project ****
make all 
'Building file: ../src/physics.cpp'
'Invoking: MicroBlaze g++ compiler'
mb-g++ -std=c++11 -Wall -O2 -g3 -c -fmessage-length=0 -I../../original_project_bsp/microblaze_0/include -mlittle-endian -mcpu=v9.3 -mxl-soft-mul -Wl,--no-relax -ffunction-sections -fdata-sections -MMD -MP -MF"src/physics.d" -MT"src/physics.d" -o "src/physics.o" "../src/physics.cpp"
'Finished building: ../src/physics.cpp'
' '
'Building target: original_project.elf'
'Invoking: MicroBlaze g++ linker'
mb-g++ -Wl,-T -Wl,../src/lscript.ld -L../../original_project_bsp/microblaze_0/lib -mlittle-endian -mcpu=v9.3 -mxl-soft-mul -Wl,--no-relax -Wl,--gc-sections -o "original_project.elf"  ./src/TFT.o ./src/angles.o ./src/physics.o ./src/position_locator.o   -Wl,--start-group,-lxil,-lgcc,-lc,-lstdc++,--end-group
'Finished building target: original_project.elf'
' '
'Invoking: MicroBlaze Print Size'
mb-size original_project.elf  |tee "original_project.elf.size"
   text	   data	    bss	    dec	    hex	filename
 176660	   1484	  68024	 246168	  3c198	original_project.elf
'Finished building: original_project.elf.size'
' '
16:35:15 **** Incremental Build of configuration Debug for project original_project ****
make all 
make: Nothing to be done for `all'.
16:35:28 **** Auto Build of configuration Debug for project original_project ****
make all 
'Building file: ../src/physics.cpp'
'Invoking: MicroBlaze g++ compiler'
mb-g++ -std=c++11 -Wall -O2 -g3 -c -fmessage-length=0 -I../../original_project_bsp/microblaze_0/include -mlittle-endian -mcpu=v9.3 -mxl-soft-mul -Wl,--no-relax -ffunction-sections -fdata-sections -MMD -MP -MF"src/physics.d" -MT"src/physics.d" -o "src/physics.o" "../src/physics.cpp"
'Finished building: ../src/physics.cpp'
' '
'Building target: original_project.elf'
'Invoking: MicroBlaze g++ linker'
mb-g++ -Wl,-T -Wl,../src/lscript.ld -L../../original_project_bsp/microblaze_0/lib -mlittle-endian -mcpu=v9.3 -mxl-soft-mul -Wl,--no-relax -Wl,--gc-sections -o "original_project.elf"  ./src/TFT.o ./src/angles.o ./src/physics.o ./src/position_locator.o   -Wl,--start-group,-lxil,-lgcc,-lc,-lstdc++,--end-group
'Finished building target: original_project.elf'
' '
'Invoking: MicroBlaze Print Size'
mb-size original_project.elf  |tee "original_project.elf.size"
   text	   data	    bss	    dec	    hex	filename
 176660	   1484	  68024	 246168	  3c198	original_project.elf
'Finished building: original_project.elf.size'
' '
16:35:46 **** Auto Build of configuration Debug for project original_project ****
make all 
'Building file: ../src/physics.cpp'
'Invoking: MicroBlaze g++ compiler'
mb-g++ -std=c++11 -Wall -O2 -g3 -c -fmessage-length=0 -I../../original_project_bsp/microblaze_0/include -mlittle-endian -mcpu=v9.3 -mxl-soft-mul -Wl,--no-relax -ffunction-sections -fdata-sections -MMD -MP -MF"src/physics.d" -MT"src/physics.d" -o "src/physics.o" "../src/physics.cpp"
'Finished building: ../src/physics.cpp'
' '
'Building target: original_project.elf'
'Invoking: MicroBlaze g++ linker'
mb-g++ -Wl,-T -Wl,../src/lscript.ld -L../../original_project_bsp/microblaze_0/lib -mlittle-endian -mcpu=v9.3 -mxl-soft-mul -Wl,--no-relax -Wl,--gc-sections -o "original_project.elf"  ./src/TFT.o ./src/angles.o ./src/physics.o ./src/position_locator.o   -Wl,--start-group,-lxil,-lgcc,-lc,-lstdc++,--end-group
'Finished building target: original_project.elf'
' '
'Invoking: MicroBlaze Print Size'
mb-size original_project.elf  |tee "original_project.elf.size"
   text	   data	    bss	    dec	    hex	filename
 176660	   1484	  68024	 246168	  3c198	original_project.elf
'Finished building: original_project.elf.size'
' '
16:35:52 **** Auto Build of configuration Debug for project original_project ****
make all 
'Building file: ../src/physics.cpp'
'Invoking: MicroBlaze g++ compiler'
mb-g++ -std=c++11 -Wall -O2 -g3 -c -fmessage-length=0 -I../../original_project_bsp/microblaze_0/include -mlittle-endian -mcpu=v9.3 -mxl-soft-mul -Wl,--no-relax -ffunction-sections -fdata-sections -MMD -MP -MF"src/physics.d" -MT"src/physics.d" -o "src/physics.o" "../src/physics.cpp"
'Finished building: ../src/physics.cpp'
' '
'Building target: original_project.elf'
'Invoking: MicroBlaze g++ linker'
mb-g++ -Wl,-T -Wl,../src/lscript.ld -L../../original_project_bsp/microblaze_0/lib -mlittle-endian -mcpu=v9.3 -mxl-soft-mul -Wl,--no-relax -Wl,--gc-sections -o "original_project.elf"  ./src/TFT.o ./src/angles.o ./src/physics.o ./src/position_locator.o   -Wl,--start-group,-lxil,-lgcc,-lc,-lstdc++,--end-group
'Finished building target: original_project.elf'
' '
'Invoking: MicroBlaze Print Size'
mb-size original_project.elf  |tee "original_project.elf.size"
   text	   data	    bss	    dec	    hex	filename
 176660	   1484	  68024	 246168	  3c198	original_project.elf
'Finished building: original_project.elf.size'
' '
16:35:56 **** Incremental Build of configuration Debug for project original_project ****
make all 
make: Nothing to be done for `all'.
16:36:14 **** Auto Build of configuration Debug for project original_project ****
make all 
'Building file: ../src/physics.cpp'
'Invoking: MicroBlaze g++ compiler'
mb-g++ -std=c++11 -Wall -O2 -g3 -c -fmessage-length=0 -I../../original_project_bsp/microblaze_0/include -mlittle-endian -mcpu=v9.3 -mxl-soft-mul -Wl,--no-relax -ffunction-sections -fdata-sections -MMD -MP -MF"src/physics.d" -MT"src/physics.d" -o "src/physics.o" "../src/physics.cpp"
'Finished building: ../src/physics.cpp'
' '
'Building target: original_project.elf'
'Invoking: MicroBlaze g++ linker'
mb-g++ -Wl,-T -Wl,../src/lscript.ld -L../../original_project_bsp/microblaze_0/lib -mlittle-endian -mcpu=v9.3 -mxl-soft-mul -Wl,--no-relax -Wl,--gc-sections -o "original_project.elf"  ./src/TFT.o ./src/angles.o ./src/physics.o ./src/position_locator.o   -Wl,--start-group,-lxil,-lgcc,-lc,-lstdc++,--end-group
'Finished building target: original_project.elf'
' '
'Invoking: MicroBlaze Print Size'
mb-size original_project.elf  |tee "original_project.elf.size"
   text	   data	    bss	    dec	    hex	filename
 176660	   1484	  68024	 246168	  3c198	original_project.elf
'Finished building: original_project.elf.size'
' '
16:36:18 **** Incremental Build of configuration Debug for project original_project ****
make all 
make: Nothing to be done for `all'.
16:36:31 **** Auto Build of configuration Debug for project original_project ****
make all 
'Building file: ../src/physics.cpp'
'Invoking: MicroBlaze g++ compiler'
mb-g++ -std=c++11 -Wall -O2 -g3 -c -fmessage-length=0 -I../../original_project_bsp/microblaze_0/include -mlittle-endian -mcpu=v9.3 -mxl-soft-mul -Wl,--no-relax -ffunction-sections -fdata-sections -MMD -MP -MF"src/physics.d" -MT"src/physics.d" -o "src/physics.o" "../src/physics.cpp"
'Finished building: ../src/physics.cpp'
' '
'Building target: original_project.elf'
'Invoking: MicroBlaze g++ linker'
mb-g++ -Wl,-T -Wl,../src/lscript.ld -L../../original_project_bsp/microblaze_0/lib -mlittle-endian -mcpu=v9.3 -mxl-soft-mul -Wl,--no-relax -Wl,--gc-sections -o "original_project.elf"  ./src/TFT.o ./src/angles.o ./src/physics.o ./src/position_locator.o   -Wl,--start-group,-lxil,-lgcc,-lc,-lstdc++,--end-group
'Finished building target: original_project.elf'
' '
'Invoking: MicroBlaze Print Size'
mb-size original_project.elf  |tee "original_project.elf.size"
   text	   data	    bss	    dec	    hex	filename
 176660	   1484	  68024	 246168	  3c198	original_project.elf
'Finished building: original_project.elf.size'
' '
16:36:46 **** Auto Build of configuration Debug for project original_project ****
make all 
'Building file: ../src/physics.cpp'
'Invoking: MicroBlaze g++ compiler'
mb-g++ -std=c++11 -Wall -O2 -g3 -c -fmessage-length=0 -I../../original_project_bsp/microblaze_0/include -mlittle-endian -mcpu=v9.3 -mxl-soft-mul -Wl,--no-relax -ffunction-sections -fdata-sections -MMD -MP -MF"src/physics.d" -MT"src/physics.d" -o "src/physics.o" "../src/physics.cpp"
'Finished building: ../src/physics.cpp'
' '
'Building target: original_project.elf'
'Invoking: MicroBlaze g++ linker'
mb-g++ -Wl,-T -Wl,../src/lscript.ld -L../../original_project_bsp/microblaze_0/lib -mlittle-endian -mcpu=v9.3 -mxl-soft-mul -Wl,--no-relax -Wl,--gc-sections -o "original_project.elf"  ./src/TFT.o ./src/angles.o ./src/physics.o ./src/position_locator.o   -Wl,--start-group,-lxil,-lgcc,-lc,-lstdc++,--end-group
'Finished building target: original_project.elf'
' '
'Invoking: MicroBlaze Print Size'
mb-size original_project.elf  |tee "original_project.elf.size"
   text	   data	    bss	    dec	    hex	filename
 176660	   1484	  68024	 246168	  3c198	original_project.elf
'Finished building: original_project.elf.size'
' '
16:36:51 **** Incremental Build of configuration Debug for project original_project ****
make all 
make: Nothing to be done for `all'.
16:37:12 **** Auto Build of configuration Debug for project original_project ****
make all 
'Building file: ../src/physics.cpp'
'Invoking: MicroBlaze g++ compiler'
mb-g++ -std=c++11 -Wall -O2 -g3 -c -fmessage-length=0 -I../../original_project_bsp/microblaze_0/include -mlittle-endian -mcpu=v9.3 -mxl-soft-mul -Wl,--no-relax -ffunction-sections -fdata-sections -MMD -MP -MF"src/physics.d" -MT"src/physics.d" -o "src/physics.o" "../src/physics.cpp"
'Finished building: ../src/physics.cpp'
' '
'Building target: original_project.elf'
'Invoking: MicroBlaze g++ linker'
mb-g++ -Wl,-T -Wl,../src/lscript.ld -L../../original_project_bsp/microblaze_0/lib -mlittle-endian -mcpu=v9.3 -mxl-soft-mul -Wl,--no-relax -Wl,--gc-sections -o "original_project.elf"  ./src/TFT.o ./src/angles.o ./src/physics.o ./src/position_locator.o   -Wl,--start-group,-lxil,-lgcc,-lc,-lstdc++,--end-group
'Finished building target: original_project.elf'
' '
'Invoking: MicroBlaze Print Size'
mb-size original_project.elf  |tee "original_project.elf.size"
   text	   data	    bss	    dec	    hex	filename
 176668	   1484	  68024	 246176	  3c1a0	original_project.elf
'Finished building: original_project.elf.size'
' '
16:37:15 **** Incremental Build of configuration Debug for project original_project ****
make all 
make: Nothing to be done for `all'.
16:37:27 **** Auto Build of configuration Debug for project original_project ****
make all 
'Building file: ../src/physics.cpp'
'Invoking: MicroBlaze g++ compiler'
mb-g++ -std=c++11 -Wall -O2 -g3 -c -fmessage-length=0 -I../../original_project_bsp/microblaze_0/include -mlittle-endian -mcpu=v9.3 -mxl-soft-mul -Wl,--no-relax -ffunction-sections -fdata-sections -MMD -MP -MF"src/physics.d" -MT"src/physics.d" -o "src/physics.o" "../src/physics.cpp"
'Finished building: ../src/physics.cpp'
' '
'Building target: original_project.elf'
'Invoking: MicroBlaze g++ linker'
mb-g++ -Wl,-T -Wl,../src/lscript.ld -L../../original_project_bsp/microblaze_0/lib -mlittle-endian -mcpu=v9.3 -mxl-soft-mul -Wl,--no-relax -Wl,--gc-sections -o "original_project.elf"  ./src/TFT.o ./src/angles.o ./src/physics.o ./src/position_locator.o   -Wl,--start-group,-lxil,-lgcc,-lc,-lstdc++,--end-group
'Finished building target: original_project.elf'
' '
'Invoking: MicroBlaze Print Size'
mb-size original_project.elf  |tee "original_project.elf.size"
   text	   data	    bss	    dec	    hex	filename
 176668	   1484	  68024	 246176	  3c1a0	original_project.elf
'Finished building: original_project.elf.size'
' '
16:37:30 **** Incremental Build of configuration Debug for project original_project ****
make all 
make: Nothing to be done for `all'.
16:37:41 **** Auto Build of configuration Debug for project original_project ****
make all 
make: Nothing to be done for `all'.
16:37:47 **** Clean-only build of configuration Debug for project original_project ****
make clean 
rm -rf  ./src/TFT.o ./src/angles.o ./src/physics.o ./src/position_locator.o  ./src/TFT.d ./src/angles.d ./src/physics.d ./src/position_locator.d  original_project.elf.size  original_project.elf
' '
16:37:47 **** Auto Build of configuration Debug for project original_project ****
make all 
'Building file: ../src/TFT.cpp'
'Invoking: MicroBlaze g++ compiler'
mb-g++ -std=c++11 -Wall -O2 -g3 -c -fmessage-length=0 -I../../original_project_bsp/microblaze_0/include -mlittle-endian -mcpu=v9.3 -mxl-soft-mul -Wl,--no-relax -ffunction-sections -fdata-sections -MMD -MP -MF"src/TFT.d" -MT"src/TFT.d" -o "src/TFT.o" "../src/TFT.cpp"
../src/TFT.cpp: In function 'void DrawState(GameState*)':
../src/TFT.cpp:112:9: warning: variable 'east_wall' set but not used [-Wunused-but-set-variable]
     int east_wall;
         ^
../src/TFT.cpp:114:9: warning: variable 'north_wall' set but not used [-Wunused-but-set-variable]
     int north_wall;
         ^
../src/TFT.cpp:116:9: warning: variable 'west_wall' set but not used [-Wunused-but-set-variable]
     int west_wall, south_wall;
         ^
../src/TFT.cpp:116:20: warning: variable 'south_wall' set but not used [-Wunused-but-set-variable]
     int west_wall, south_wall;
                    ^
'Finished building: ../src/TFT.cpp'
' '
'Building file: ../src/angles.cpp'
'Invoking: MicroBlaze g++ compiler'
mb-g++ -std=c++11 -Wall -O2 -g3 -c -fmessage-length=0 -I../../original_project_bsp/microblaze_0/include -mlittle-endian -mcpu=v9.3 -mxl-soft-mul -Wl,--no-relax -ffunction-sections -fdata-sections -MMD -MP -MF"src/angles.d" -MT"src/angles.d" -o "src/angles.o" "../src/angles.cpp"
'Finished building: ../src/angles.cpp'
' '
'Building file: ../src/physics.cpp'
'Invoking: MicroBlaze g++ compiler'
mb-g++ -std=c++11 -Wall -O2 -g3 -c -fmessage-length=0 -I../../original_project_bsp/microblaze_0/include -mlittle-endian -mcpu=v9.3 -mxl-soft-mul -Wl,--no-relax -ffunction-sections -fdata-sections -MMD -MP -MF"src/physics.d" -MT"src/physics.d" -o "src/physics.o" "../src/physics.cpp"
'Finished building: ../src/physics.cpp'
' '
'Building file: ../src/position_locator.cpp'
'Invoking: MicroBlaze g++ compiler'
mb-g++ -std=c++11 -Wall -O2 -g3 -c -fmessage-length=0 -I../../original_project_bsp/microblaze_0/include -mlittle-endian -mcpu=v9.3 -mxl-soft-mul -Wl,--no-relax -ffunction-sections -fdata-sections -MMD -MP -MF"src/position_locator.d" -MT"src/position_locator.d" -o "src/position_locator.o" "../src/position_locator.cpp"
'Finished building: ../src/position_locator.cpp'
' '
'Building target: original_project.elf'
'Invoking: MicroBlaze g++ linker'
mb-g++ -Wl,-T -Wl,../src/lscript.ld -L../../original_project_bsp/microblaze_0/lib -mlittle-endian -mcpu=v9.3 -mxl-soft-mul -Wl,--no-relax -Wl,--gc-sections -o "original_project.elf"  ./src/TFT.o ./src/angles.o ./src/physics.o ./src/position_locator.o   -Wl,--start-group,-lxil,-lgcc,-lc,-lstdc++,--end-group
'Finished building target: original_project.elf'
' '
'Invoking: MicroBlaze Print Size'
mb-size original_project.elf  |tee "original_project.elf.size"
   text	   data	    bss	    dec	    hex	filename
 176684	   1484	  68024	 246192	  3c1b0	original_project.elf
'Finished building: original_project.elf.size'
' '
16:37:52 **** Incremental Build of configuration Debug for project original_project ****
make all 
make: Nothing to be done for `all'.
16:38:14 **** Auto Build of configuration Debug for project original_project ****
make all 
'Building file: ../src/physics.cpp'
'Invoking: MicroBlaze g++ compiler'
mb-g++ -std=c++11 -Wall -O2 -g3 -c -fmessage-length=0 -I../../original_project_bsp/microblaze_0/include -mlittle-endian -mcpu=v9.3 -mxl-soft-mul -Wl,--no-relax -ffunction-sections -fdata-sections -MMD -MP -MF"src/physics.d" -MT"src/physics.d" -o "src/physics.o" "../src/physics.cpp"
'Finished building: ../src/physics.cpp'
' '
'Building target: original_project.elf'
'Invoking: MicroBlaze g++ linker'
mb-g++ -Wl,-T -Wl,../src/lscript.ld -L../../original_project_bsp/microblaze_0/lib -mlittle-endian -mcpu=v9.3 -mxl-soft-mul -Wl,--no-relax -Wl,--gc-sections -o "original_project.elf"  ./src/TFT.o ./src/angles.o ./src/physics.o ./src/position_locator.o   -Wl,--start-group,-lxil,-lgcc,-lc,-lstdc++,--end-group
'Finished building target: original_project.elf'
' '
'Invoking: MicroBlaze Print Size'
mb-size original_project.elf  |tee "original_project.elf.size"
   text	   data	    bss	    dec	    hex	filename
 176680	   1484	  68020	 246184	  3c1a8	original_project.elf
'Finished building: original_project.elf.size'
' '
16:38:16 **** Incremental Build of configuration Debug for project original_project ****
make all 
make: Nothing to be done for `all'.
16:38:28 **** Auto Build of configuration Debug for project original_project ****
make all 
'Building file: ../src/physics.cpp'
'Invoking: MicroBlaze g++ compiler'
mb-g++ -std=c++11 -Wall -O2 -g3 -c -fmessage-length=0 -I../../original_project_bsp/microblaze_0/include -mlittle-endian -mcpu=v9.3 -mxl-soft-mul -Wl,--no-relax -ffunction-sections -fdata-sections -MMD -MP -MF"src/physics.d" -MT"src/physics.d" -o "src/physics.o" "../src/physics.cpp"
'Finished building: ../src/physics.cpp'
' '
'Building target: original_project.elf'
'Invoking: MicroBlaze g++ linker'
mb-g++ -Wl,-T -Wl,../src/lscript.ld -L../../original_project_bsp/microblaze_0/lib -mlittle-endian -mcpu=v9.3 -mxl-soft-mul -Wl,--no-relax -Wl,--gc-sections -o "original_project.elf"  ./src/TFT.o ./src/angles.o ./src/physics.o ./src/position_locator.o   -Wl,--start-group,-lxil,-lgcc,-lc,-lstdc++,--end-group
'Finished building target: original_project.elf'
' '
'Invoking: MicroBlaze Print Size'
mb-size original_project.elf  |tee "original_project.elf.size"
   text	   data	    bss	    dec	    hex	filename
 176684	   1484	  68024	 246192	  3c1b0	original_project.elf
'Finished building: original_project.elf.size'
' '
16:38:55 **** Auto Build of configuration Debug for project original_project ****
make all 
'Building file: ../src/physics.cpp'
'Invoking: MicroBlaze g++ compiler'
mb-g++ -std=c++11 -Wall -O2 -g3 -c -fmessage-length=0 -I../../original_project_bsp/microblaze_0/include -mlittle-endian -mcpu=v9.3 -mxl-soft-mul -Wl,--no-relax -ffunction-sections -fdata-sections -MMD -MP -MF"src/physics.d" -MT"src/physics.d" -o "src/physics.o" "../src/physics.cpp"
'Finished building: ../src/physics.cpp'
' '
'Building target: original_project.elf'
'Invoking: MicroBlaze g++ linker'
mb-g++ -Wl,-T -Wl,../src/lscript.ld -L../../original_project_bsp/microblaze_0/lib -mlittle-endian -mcpu=v9.3 -mxl-soft-mul -Wl,--no-relax -Wl,--gc-sections -o "original_project.elf"  ./src/TFT.o ./src/angles.o ./src/physics.o ./src/position_locator.o   -Wl,--start-group,-lxil,-lgcc,-lc,-lstdc++,--end-group
'Finished building target: original_project.elf'
' '
'Invoking: MicroBlaze Print Size'
mb-size original_project.elf  |tee "original_project.elf.size"
   text	   data	    bss	    dec	    hex	filename
 177696	   1484	  68020	 247200	  3c5a0	original_project.elf
'Finished building: original_project.elf.size'
' '
16:39:02 **** Incremental Build of configuration Debug for project original_project ****
make all 
make: Nothing to be done for `all'.
16:41:39 **** Auto Build of configuration Debug for project original_project ****
make all 
'Building file: ../src/physics.cpp'
'Invoking: MicroBlaze g++ compiler'
mb-g++ -std=c++11 -Wall -O2 -g3 -c -fmessage-length=0 -I../../original_project_bsp/microblaze_0/include -mlittle-endian -mcpu=v9.3 -mxl-soft-mul -Wl,--no-relax -ffunction-sections -fdata-sections -MMD -MP -MF"src/physics.d" -MT"src/physics.d" -o "src/physics.o" "../src/physics.cpp"
'Finished building: ../src/physics.cpp'
' '
'Building target: original_project.elf'
'Invoking: MicroBlaze g++ linker'
mb-g++ -Wl,-T -Wl,../src/lscript.ld -L../../original_project_bsp/microblaze_0/lib -mlittle-endian -mcpu=v9.3 -mxl-soft-mul -Wl,--no-relax -Wl,--gc-sections -o "original_project.elf"  ./src/TFT.o ./src/angles.o ./src/physics.o ./src/position_locator.o   -Wl,--start-group,-lxil,-lgcc,-lc,-lstdc++,--end-group
'Finished building target: original_project.elf'
' '
'Invoking: MicroBlaze Print Size'
mb-size original_project.elf  |tee "original_project.elf.size"
   text	   data	    bss	    dec	    hex	filename
 177692	   1484	  68024	 247200	  3c5a0	original_project.elf
'Finished building: original_project.elf.size'
' '
16:41:42 **** Auto Build of configuration Debug for project original_project ****
make all 
'Building file: ../src/physics.cpp'
'Invoking: MicroBlaze g++ compiler'
mb-g++ -std=c++11 -Wall -O2 -g3 -c -fmessage-length=0 -I../../original_project_bsp/microblaze_0/include -mlittle-endian -mcpu=v9.3 -mxl-soft-mul -Wl,--no-relax -ffunction-sections -fdata-sections -MMD -MP -MF"src/physics.d" -MT"src/physics.d" -o "src/physics.o" "../src/physics.cpp"
'Finished building: ../src/physics.cpp'
' '
'Building target: original_project.elf'
'Invoking: MicroBlaze g++ linker'
mb-g++ -Wl,-T -Wl,../src/lscript.ld -L../../original_project_bsp/microblaze_0/lib -mlittle-endian -mcpu=v9.3 -mxl-soft-mul -Wl,--no-relax -Wl,--gc-sections -o "original_project.elf"  ./src/TFT.o ./src/angles.o ./src/physics.o ./src/position_locator.o   -Wl,--start-group,-lxil,-lgcc,-lc,-lstdc++,--end-group
'Finished building target: original_project.elf'
' '
'Invoking: MicroBlaze Print Size'
mb-size original_project.elf  |tee "original_project.elf.size"
   text	   data	    bss	    dec	    hex	filename
 177692	   1484	  68024	 247200	  3c5a0	original_project.elf
'Finished building: original_project.elf.size'
' '
16:41:45 **** Incremental Build of configuration Debug for project original_project ****
make all 
make: Nothing to be done for `all'.
16:42:56 **** Auto Build of configuration Debug for project original_project ****
make all 
'Building file: ../src/physics.cpp'
'Invoking: MicroBlaze g++ compiler'
mb-g++ -std=c++11 -Wall -O2 -g3 -c -fmessage-length=0 -I../../original_project_bsp/microblaze_0/include -mlittle-endian -mcpu=v9.3 -mxl-soft-mul -Wl,--no-relax -ffunction-sections -fdata-sections -MMD -MP -MF"src/physics.d" -MT"src/physics.d" -o "src/physics.o" "../src/physics.cpp"
'Finished building: ../src/physics.cpp'
' '
'Building target: original_project.elf'
'Invoking: MicroBlaze g++ linker'
mb-g++ -Wl,-T -Wl,../src/lscript.ld -L../../original_project_bsp/microblaze_0/lib -mlittle-endian -mcpu=v9.3 -mxl-soft-mul -Wl,--no-relax -Wl,--gc-sections -o "original_project.elf"  ./src/TFT.o ./src/angles.o ./src/physics.o ./src/position_locator.o   -Wl,--start-group,-lxil,-lgcc,-lc,-lstdc++,--end-group
'Finished building target: original_project.elf'
' '
'Invoking: MicroBlaze Print Size'
mb-size original_project.elf  |tee "original_project.elf.size"
   text	   data	    bss	    dec	    hex	filename
 177692	   1484	  68024	 247200	  3c5a0	original_project.elf
'Finished building: original_project.elf.size'
' '
16:42:59 **** Incremental Build of configuration Debug for project original_project ****
make all 
make: Nothing to be done for `all'.
16:43:09 **** Incremental Build of configuration Debug for project original_project ****
make all 
make: Nothing to be done for `all'.
16:43:48 **** Auto Build of configuration Debug for project original_project ****
make all 
'Building file: ../src/physics.cpp'
'Invoking: MicroBlaze g++ compiler'
mb-g++ -std=c++11 -Wall -O2 -g3 -c -fmessage-length=0 -I../../original_project_bsp/microblaze_0/include -mlittle-endian -mcpu=v9.3 -mxl-soft-mul -Wl,--no-relax -ffunction-sections -fdata-sections -MMD -MP -MF"src/physics.d" -MT"src/physics.d" -o "src/physics.o" "../src/physics.cpp"
'Finished building: ../src/physics.cpp'
' '
'Building target: original_project.elf'
'Invoking: MicroBlaze g++ linker'
mb-g++ -Wl,-T -Wl,../src/lscript.ld -L../../original_project_bsp/microblaze_0/lib -mlittle-endian -mcpu=v9.3 -mxl-soft-mul -Wl,--no-relax -Wl,--gc-sections -o "original_project.elf"  ./src/TFT.o ./src/angles.o ./src/physics.o ./src/position_locator.o   -Wl,--start-group,-lxil,-lgcc,-lc,-lstdc++,--end-group
'Finished building target: original_project.elf'
' '
'Invoking: MicroBlaze Print Size'
mb-size original_project.elf  |tee "original_project.elf.size"
[...]
'Invoking: MicroBlaze g++ compiler'
mb-g++ -std=c++11 -Wall -O2 -g3 -c -fmessage-length=0 -I../../original_project_bsp/microblaze_0/include -mlittle-endian -mcpu=v9.3 -mxl-soft-mul -Wl,--no-relax -ffunction-sections -fdata-sections -MMD -MP -MF"src/position_locator.d" -MT"src/position_locator.d" -o "src/position_locator.o" "../src/position_locator.cpp"
'Finished building: ../src/position_locator.cpp'
' '
'Building target: original_project.elf'
'Invoking: MicroBlaze g++ linker'
mb-g++ -Wl,-T -Wl,../src/lscript.ld -L../../original_project_bsp/microblaze_0/lib -mlittle-endian -mcpu=v9.3 -mxl-soft-mul -Wl,--no-relax -Wl,--gc-sections -o "original_project.elf"  ./src/TFT.o ./src/angles.o ./src/physics.o ./src/position_locator.o   -Wl,--start-group,-lxil,-lgcc,-lc,-lstdc++,--end-group
'Finished building target: original_project.elf'
' '
'Invoking: MicroBlaze Print Size'
mb-size original_project.elf  |tee "original_project.elf.size"
   text	   data	    bss	    dec	    hex	filename
 423424	   1720	  73576	 498720	  79c20	original_project.elf
'Finished building: original_project.elf.size'
' '
23:39:45 **** Incremental Build of configuration Debug for project original_project ****
make all 
make: Nothing to be done for `all'.
23:40:25 **** Auto Build of configuration Debug for project original_project ****
make all 
make: Nothing to be done for `all'.
23:41:19 **** Auto Build of configuration Debug for project original_project ****
make all 
'Building file: ../src/physics.cpp'
'Invoking: MicroBlaze g++ compiler'
mb-g++ -std=c++11 -Wall -O2 -g3 -c -fmessage-length=0 -I../../original_project_bsp/microblaze_0/include -mlittle-endian -mcpu=v9.3 -mxl-soft-mul -Wl,--no-relax -ffunction-sections -fdata-sections -MMD -MP -MF"src/physics.d" -MT"src/physics.d" -o "src/physics.o" "../src/physics.cpp"
'Finished building: ../src/physics.cpp'
' '
'Building target: original_project.elf'
'Invoking: MicroBlaze g++ linker'
mb-g++ -Wl,-T -Wl,../src/lscript.ld -L../../original_project_bsp/microblaze_0/lib -mlittle-endian -mcpu=v9.3 -mxl-soft-mul -Wl,--no-relax -Wl,--gc-sections -o "original_project.elf"  ./src/TFT.o ./src/angles.o ./src/physics.o ./src/position_locator.o   -Wl,--start-group,-lxil,-lgcc,-lc,-lstdc++,--end-group
'Finished building target: original_project.elf'
' '
'Invoking: MicroBlaze Print Size'
mb-size original_project.elf  |tee "original_project.elf.size"
   text	   data	    bss	    dec	    hex	filename
 423576	   1720	  73576	 498872	  79cb8	original_project.elf
'Finished building: original_project.elf.size'
' '
23:41:26 **** Clean-only build of configuration Debug for project original_project ****
make clean 
rm -rf  ./src/TFT.o ./src/angles.o ./src/physics.o ./src/position_locator.o  ./src/TFT.d ./src/angles.d ./src/physics.d ./src/position_locator.d  original_project.elf.size  original_project.elf
' '
23:41:26 **** Auto Build of configuration Debug for project original_project ****
make all 
'Building file: ../src/TFT.cpp'
'Invoking: MicroBlaze g++ compiler'
mb-g++ -std=c++11 -Wall -O2 -g3 -c -fmessage-length=0 -I../../original_project_bsp/microblaze_0/include -mlittle-endian -mcpu=v9.3 -mxl-soft-mul -Wl,--no-relax -ffunction-sections -fdata-sections -MMD -MP -MF"src/TFT.d" -MT"src/TFT.d" -o "src/TFT.o" "../src/TFT.cpp"
../src/TFT.cpp: In function 'void DrawState(GameState*)':
../src/TFT.cpp:127:9: warning: variable 'east_wall' set but not used [-Wunused-but-set-variable]
     int east_wall;
         ^
../src/TFT.cpp:129:9: warning: variable 'north_wall' set but not used [-Wunused-but-set-variable]
     int north_wall;
         ^
../src/TFT.cpp:131:9: warning: variable 'west_wall' set but not used [-Wunused-but-set-variable]
     int west_wall, south_wall;
         ^
../src/TFT.cpp:131:20: warning: variable 'south_wall' set but not used [-Wunused-but-set-variable]
     int west_wall, south_wall;
                    ^
'Finished building: ../src/TFT.cpp'
' '
'Building file: ../src/angles.cpp'
'Invoking: MicroBlaze g++ compiler'
mb-g++ -std=c++11 -Wall -O2 -g3 -c -fmessage-length=0 -I../../original_project_bsp/microblaze_0/include -mlittle-endian -mcpu=v9.3 -mxl-soft-mul -Wl,--no-relax -ffunction-sections -fdata-sections -MMD -MP -MF"src/angles.d" -MT"src/angles.d" -o "src/angles.o" "../src/angles.cpp"
'Finished building: ../src/angles.cpp'
' '
'Building file: ../src/physics.cpp'
'Invoking: MicroBlaze g++ compiler'
mb-g++ -std=c++11 -Wall -O2 -g3 -c -fmessage-length=0 -I../../original_project_bsp/microblaze_0/include -mlittle-endian -mcpu=v9.3 -mxl-soft-mul -Wl,--no-relax -ffunction-sections -fdata-sections -MMD -MP -MF"src/physics.d" -MT"src/physics.d" -o "src/physics.o" "../src/physics.cpp"
'Finished building: ../src/physics.cpp'
' '
'Building file: ../src/position_locator.cpp'
'Invoking: MicroBlaze g++ compiler'
mb-g++ -std=c++11 -Wall -O2 -g3 -c -fmessage-length=0 -I../../original_project_bsp/microblaze_0/include -mlittle-endian -mcpu=v9.3 -mxl-soft-mul -Wl,--no-relax -ffunction-sections -fdata-sections -MMD -MP -MF"src/position_locator.d" -MT"src/position_locator.d" -o "src/position_locator.o" "../src/position_locator.cpp"
'Finished building: ../src/position_locator.cpp'
' '
'Building target: original_project.elf'
'Invoking: MicroBlaze g++ linker'
mb-g++ -Wl,-T -Wl,../src/lscript.ld -L../../original_project_bsp/microblaze_0/lib -mlittle-endian -mcpu=v9.3 -mxl-soft-mul -Wl,--no-relax -Wl,--gc-sections -o "original_project.elf"  ./src/TFT.o ./src/angles.o ./src/physics.o ./src/position_locator.o   -Wl,--start-group,-lxil,-lgcc,-lc,-lstdc++,--end-group
'Finished building target: original_project.elf'
' '
'Invoking: MicroBlaze Print Size'
mb-size original_project.elf  |tee "original_project.elf.size"
   text	   data	    bss	    dec	    hex	filename
 423604	   1720	  73612	 498936	  79cf8	original_project.elf
'Finished building: original_project.elf.size'
' '
23:41:31 **** Incremental Build of configuration Debug for project original_project ****
make all 
make: Nothing to be done for `all'.
23:41:52 **** Auto Build of configuration Debug for project original_project ****
make all 
'Building file: ../src/physics.cpp'
'Invoking: MicroBlaze g++ compiler'
mb-g++ -std=c++11 -Wall -O2 -g3 -c -fmessage-length=0 -I../../original_project_bsp/microblaze_0/include -mlittle-endian -mcpu=v9.3 -mxl-soft-mul -Wl,--no-relax -ffunction-sections -fdata-sections -MMD -MP -MF"src/physics.d" -MT"src/physics.d" -o "src/physics.o" "../src/physics.cpp"
'Finished building: ../src/physics.cpp'
' '
'Building target: original_project.elf'
'Invoking: MicroBlaze g++ linker'
mb-g++ -Wl,-T -Wl,../src/lscript.ld -L../../original_project_bsp/microblaze_0/lib -mlittle-endian -mcpu=v9.3 -mxl-soft-mul -Wl,--no-relax -Wl,--gc-sections -o "original_project.elf"  ./src/TFT.o ./src/angles.o ./src/physics.o ./src/position_locator.o   -Wl,--start-group,-lxil,-lgcc,-lc,-lstdc++,--end-group
'Finished building target: original_project.elf'
' '
'Invoking: MicroBlaze Print Size'
mb-size original_project.elf  |tee "original_project.elf.size"
   text	   data	    bss	    dec	    hex	filename
 423604	   1720	  73612	 498936	  79cf8	original_project.elf
'Finished building: original_project.elf.size'
' '
23:41:56 **** Incremental Build of configuration Debug for project original_project ****
make all 
make: Nothing to be done for `all'.
23:43:36 **** Incremental Build of configuration Debug for project original_project ****
make all 
make: Nothing to be done for `all'.
23:44:39 **** Auto Build of configuration Debug for project original_project ****
make all 
'Building file: ../src/TFT.cpp'
'Invoking: MicroBlaze g++ compiler'
mb-g++ -std=c++11 -Wall -O2 -g3 -c -fmessage-length=0 -I../../original_project_bsp/microblaze_0/include -mlittle-endian -mcpu=v9.3 -mxl-soft-mul -Wl,--no-relax -ffunction-sections -fdata-sections -MMD -MP -MF"src/TFT.d" -MT"src/TFT.d" -o "src/TFT.o" "../src/TFT.cpp"
../src/TFT.cpp: In function 'void DrawState(GameState*)':
../src/TFT.cpp:127:9: warning: variable 'east_wall' set but not used [-Wunused-but-set-variable]
     int east_wall;
         ^
../src/TFT.cpp:129:9: warning: variable 'north_wall' set but not used [-Wunused-but-set-variable]
     int north_wall;
         ^
../src/TFT.cpp:131:9: warning: variable 'west_wall' set but not used [-Wunused-but-set-variable]
     int west_wall, south_wall;
         ^
../src/TFT.cpp:131:20: warning: variable 'south_wall' set but not used [-Wunused-but-set-variable]
     int west_wall, south_wall;
                    ^
'Finished building: ../src/TFT.cpp'
' '
'Building target: original_project.elf'
'Invoking: MicroBlaze g++ linker'
mb-g++ -Wl,-T -Wl,../src/lscript.ld -L../../original_project_bsp/microblaze_0/lib -mlittle-endian -mcpu=v9.3 -mxl-soft-mul -Wl,--no-relax -Wl,--gc-sections -o "original_project.elf"  ./src/TFT.o ./src/angles.o ./src/physics.o ./src/position_locator.o   -Wl,--start-group,-lxil,-lgcc,-lc,-lstdc++,--end-group
'Finished building target: original_project.elf'
' '
'Invoking: MicroBlaze Print Size'
mb-size original_project.elf  |tee "original_project.elf.size"
   text	   data	    bss	    dec	    hex	filename
 423608	   1720	  73608	 498936	  79cf8	original_project.elf
'Finished building: original_project.elf.size'
' '
23:44:42 **** Incremental Build of configuration Debug for project original_project ****
make all 
make: Nothing to be done for `all'.
23:45:25 **** Auto Build of configuration Debug for project original_project ****
make all 
'Building file: ../src/position_locator.cpp'
'Invoking: MicroBlaze g++ compiler'
mb-g++ -std=c++11 -Wall -O2 -g3 -c -fmessage-length=0 -I../../original_project_bsp/microblaze_0/include -mlittle-endian -mcpu=v9.3 -mxl-soft-mul -Wl,--no-relax -ffunction-sections -fdata-sections -MMD -MP -MF"src/position_locator.d" -MT"src/position_locator.d" -o "src/position_locator.o" "../src/position_locator.cpp"
'Finished building: ../src/position_locator.cpp'
' '
'Building target: original_project.elf'
'Invoking: MicroBlaze g++ linker'
mb-g++ -Wl,-T -Wl,../src/lscript.ld -L../../original_project_bsp/microblaze_0/lib -mlittle-endian -mcpu=v9.3 -mxl-soft-mul -Wl,--no-relax -Wl,--gc-sections -o "original_project.elf"  ./src/TFT.o ./src/angles.o ./src/physics.o ./src/position_locator.o   -Wl,--start-group,-lxil,-lgcc,-lc,-lstdc++,--end-group
'Finished building target: original_project.elf'
' '
'Invoking: MicroBlaze Print Size'
mb-size original_project.elf  |tee "original_project.elf.size"
   text	   data	    bss	    dec	    hex	filename
 423608	   1720	  73608	 498936	  79cf8	original_project.elf
'Finished building: original_project.elf.size'
' '
23:45:28 **** Incremental Build of configuration Debug for project original_project ****
make all 
make: Nothing to be done for `all'.
23:46:15 **** Auto Build of configuration Debug for project original_project ****
make all 
'Building file: ../src/TFT.cpp'
'Invoking: MicroBlaze g++ compiler'
mb-g++ -std=c++11 -Wall -O2 -g3 -c -fmessage-length=0 -I../../original_project_bsp/microblaze_0/include -mlittle-endian -mcpu=v9.3 -mxl-soft-mul -Wl,--no-relax -ffunction-sections -fdata-sections -MMD -MP -MF"src/TFT.d" -MT"src/TFT.d" -o "src/TFT.o" "../src/TFT.cpp"
../src/TFT.cpp: In function 'void DrawState(GameState*)':
../src/TFT.cpp:127:9: warning: variable 'east_wall' set but not used [-Wunused-but-set-variable]
     int east_wall;
         ^
../src/TFT.cpp:129:9: warning: variable 'north_wall' set but not used [-Wunused-but-set-variable]
     int north_wall;
         ^
../src/TFT.cpp:131:9: warning: variable 'west_wall' set but not used [-Wunused-but-set-variable]
     int west_wall, south_wall;
         ^
../src/TFT.cpp:131:20: warning: variable 'south_wall' set but not used [-Wunused-but-set-variable]
     int west_wall, south_wall;
                    ^
'Finished building: ../src/TFT.cpp'
' '
'Building target: original_project.elf'
'Invoking: MicroBlaze g++ linker'
mb-g++ -Wl,-T -Wl,../src/lscript.ld -L../../original_project_bsp/microblaze_0/lib -mlittle-endian -mcpu=v9.3 -mxl-soft-mul -Wl,--no-relax -Wl,--gc-sections -o "original_project.elf"  ./src/TFT.o ./src/angles.o ./src/physics.o ./src/position_locator.o   -Wl,--start-group,-lxil,-lgcc,-lc,-lstdc++,--end-group
'Finished building target: original_project.elf'
' '
'Invoking: MicroBlaze Print Size'
mb-size original_project.elf  |tee "original_project.elf.size"
   text	   data	    bss	    dec	    hex	filename
 423608	   1720	  73608	 498936	  79cf8	original_project.elf
'Finished building: original_project.elf.size'
' '
23:46:18 **** Incremental Build of configuration Debug for project original_project ****
make all 
make: Nothing to be done for `all'.
23:46:41 **** Auto Build of configuration Debug for project original_project ****
make all 
'Building file: ../src/TFT.cpp'
'Invoking: MicroBlaze g++ compiler'
mb-g++ -std=c++11 -Wall -O2 -g3 -c -fmessage-length=0 -I../../original_project_bsp/microblaze_0/include -mlittle-endian -mcpu=v9.3 -mxl-soft-mul -Wl,--no-relax -ffunction-sections -fdata-sections -MMD -MP -MF"src/TFT.d" -MT"src/TFT.d" -o "src/TFT.o" "../src/TFT.cpp"
../src/TFT.cpp: In function 'void DrawState(GameState*)':
../src/TFT.cpp:127:9: warning: variable 'east_wall' set but not used [-Wunused-but-set-variable]
     int east_wall;
         ^
../src/TFT.cpp:129:9: warning: variable 'north_wall' set but not used [-Wunused-but-set-variable]
     int north_wall;
         ^
../src/TFT.cpp:131:9: warning: variable 'west_wall' set but not used [-Wunused-but-set-variable]
     int west_wall, south_wall;
         ^
../src/TFT.cpp:131:20: warning: variable 'south_wall' set but not used [-Wunused-but-set-variable]
     int west_wall, south_wall;
                    ^
'Finished building: ../src/TFT.cpp'
' '
'Building target: original_project.elf'
'Invoking: MicroBlaze g++ linker'
mb-g++ -Wl,-T -Wl,../src/lscript.ld -L../../original_project_bsp/microblaze_0/lib -mlittle-endian -mcpu=v9.3 -mxl-soft-mul -Wl,--no-relax -Wl,--gc-sections -o "original_project.elf"  ./src/TFT.o ./src/angles.o ./src/physics.o ./src/position_locator.o   -Wl,--start-group,-lxil,-lgcc,-lc,-lstdc++,--end-group
'Finished building target: original_project.elf'
' '
'Invoking: MicroBlaze Print Size'
mb-size original_project.elf  |tee "original_project.elf.size"
   text	   data	    bss	    dec	    hex	filename
 423608	   1720	  73608	 498936	  79cf8	original_project.elf
'Finished building: original_project.elf.size'
' '
23:46:44 **** Incremental Build of configuration Debug for project original_project ****
make all 
make: Nothing to be done for `all'.
23:48:50 **** Auto Build of configuration Debug for project original_project ****
make all 
'Building file: ../src/TFT.cpp'
'Invoking: MicroBlaze g++ compiler'
mb-g++ -std=c++11 -Wall -O2 -g3 -c -fmessage-length=0 -I../../original_project_bsp/microblaze_0/include -mlittle-endian -mcpu=v9.3 -mxl-soft-mul -Wl,--no-relax -ffunction-sections -fdata-sections -MMD -MP -MF"src/TFT.d" -MT"src/TFT.d" -o "src/TFT.o" "../src/TFT.cpp"
../src/TFT.cpp: In function 'void DrawState(GameState*)':
../src/TFT.cpp:127:9: warning: variable 'east_wall' set but not used [-Wunused-but-set-variable]
     int east_wall;
         ^
../src/TFT.cpp:129:9: warning: variable 'north_wall' set but not used [-Wunused-but-set-variable]
     int north_wall;
         ^
../src/TFT.cpp:131:9: warning: variable 'west_wall' set but not used [-Wunused-but-set-variable]
     int west_wall, south_wall;
         ^
../src/TFT.cpp:131:20: warning: variable 'south_wall' set but not used [-Wunused-but-set-variable]
     int west_wall, south_wall;
                    ^
'Finished building: ../src/TFT.cpp'
' '
'Building target: original_project.elf'
'Invoking: MicroBlaze g++ linker'
mb-g++ -Wl,-T -Wl,../src/lscript.ld -L../../original_project_bsp/microblaze_0/lib -mlittle-endian -mcpu=v9.3 -mxl-soft-mul -Wl,--no-relax -Wl,--gc-sections -o "original_project.elf"  ./src/TFT.o ./src/angles.o ./src/physics.o ./src/position_locator.o   -Wl,--start-group,-lxil,-lgcc,-lc,-lstdc++,--end-group
'Finished building target: original_project.elf'
' '
'Invoking: MicroBlaze Print Size'
mb-size original_project.elf  |tee "original_project.elf.size"
   text	   data	    bss	    dec	    hex	filename
 423604	   1720	  73612	 498936	  79cf8	original_project.elf
'Finished building: original_project.elf.size'
' '
23:48:55 **** Auto Build of configuration Debug for project original_project ****
make all 
'Building file: ../src/TFT.cpp'
'Invoking: MicroBlaze g++ compiler'
mb-g++ -std=c++11 -Wall -O2 -g3 -c -fmessage-length=0 -I../../original_project_bsp/microblaze_0/include -mlittle-endian -mcpu=v9.3 -mxl-soft-mul -Wl,--no-relax -ffunction-sections -fdata-sections -MMD -MP -MF"src/TFT.d" -MT"src/TFT.d" -o "src/TFT.o" "../src/TFT.cpp"
../src/TFT.cpp: In function 'void DrawState(GameState*)':
../src/TFT.cpp:127:9: warning: variable 'east_wall' set but not used [-Wunused-but-set-variable]
     int east_wall;
         ^
../src/TFT.cpp:129:9: warning: variable 'north_wall' set but not used [-Wunused-but-set-variable]
     int north_wall;
         ^
../src/TFT.cpp:131:9: warning: variable 'west_wall' set but not used [-Wunused-but-set-variable]
     int west_wall, south_wall;
         ^
../src/TFT.cpp:131:20: warning: variable 'south_wall' set but not used [-Wunused-but-set-variable]
     int west_wall, south_wall;
                    ^
'Finished building: ../src/TFT.cpp'
' '
'Building target: original_project.elf'
'Invoking: MicroBlaze g++ linker'
mb-g++ -Wl,-T -Wl,../src/lscript.ld -L../../original_project_bsp/microblaze_0/lib -mlittle-endian -mcpu=v9.3 -mxl-soft-mul -Wl,--no-relax -Wl,--gc-sections -o "original_project.elf"  ./src/TFT.o ./src/angles.o ./src/physics.o ./src/position_locator.o   -Wl,--start-group,-lxil,-lgcc,-lc,-lstdc++,--end-group
'Finished building target: original_project.elf'
' '
'Invoking: MicroBlaze Print Size'
mb-size original_project.elf  |tee "original_project.elf.size"
   text	   data	    bss	    dec	    hex	filename
 423608	   1720	  73608	 498936	  79cf8	original_project.elf
'Finished building: original_project.elf.size'
' '
23:49:06 **** Auto Build of configuration Debug for project original_project ****
make all 
'Building file: ../src/TFT.cpp'
'Invoking: MicroBlaze g++ compiler'
mb-g++ -std=c++11 -Wall -O2 -g3 -c -fmessage-length=0 -I../../original_project_bsp/microblaze_0/include -mlittle-endian -mcpu=v9.3 -mxl-soft-mul -Wl,--no-relax -ffunction-sections -fdata-sections -MMD -MP -MF"src/TFT.d" -MT"src/TFT.d" -o "src/TFT.o" "../src/TFT.cpp"
../src/TFT.cpp: In function 'void DrawState(GameState*)':
../src/TFT.cpp:127:9: warning: variable 'east_wall' set but not used [-Wunused-but-set-variable]
     int east_wall;
         ^
../src/TFT.cpp:129:9: warning: variable 'north_wall' set but not used [-Wunused-but-set-variable]
     int north_wall;
         ^
../src/TFT.cpp:131:9: warning: variable 'west_wall' set but not used [-Wunused-but-set-variable]
     int west_wall, south_wall;
         ^
../src/TFT.cpp:131:20: warning: variable 'south_wall' set but not used [-Wunused-but-set-variable]
     int west_wall, south_wall;
                    ^
'Finished building: ../src/TFT.cpp'
' '
'Building target: original_project.elf'
'Invoking: MicroBlaze g++ linker'
mb-g++ -Wl,-T -Wl,../src/lscript.ld -L../../original_project_bsp/microblaze_0/lib -mlittle-endian -mcpu=v9.3 -mxl-soft-mul -Wl,--no-relax -Wl,--gc-sections -o "original_project.elf"  ./src/TFT.o ./src/angles.o ./src/physics.o ./src/position_locator.o   -Wl,--start-group,-lxil,-lgcc,-lc,-lstdc++,--end-group
'Finished building target: original_project.elf'
' '
'Invoking: MicroBlaze Print Size'
mb-size original_project.elf  |tee "original_project.elf.size"
   text	   data	    bss	    dec	    hex	filename
 423608	   1720	  73608	 498936	  79cf8	original_project.elf
'Finished building: original_project.elf.size'
' '
23:49:08 **** Incremental Build of configuration Debug for project original_project ****
make all 
make: Nothing to be done for `all'.
